2026-02-11 02:07:01,424 DEBUG cd frappe-bench && uv venv env --seed --python /home/frappe/.pyenv/versions/3.11.9/bin/python3
2026-02-11 02:07:01,468 WARNING cd frappe-bench && uv venv env --seed --python /home/frappe/.pyenv/versions/3.11.9/bin/python3 executed with exit code 2
2026-02-11 02:07:02,472 ERROR There was a problem while creating frappe-bench
2026-02-11 02:07:02,472 WARNING /home/frappe/.local/bin/bench init --ignore-exist --python /home/frappe/.pyenv/versions/3.11.9/bin/python3 --skip-redis-config-generation --frappe-branch version-15 frappe-bench executed with exit code 1
2026-02-11 02:07:02,942 INFO A newer version of bench is available: 5.29.0 → 5.29.1
2026-02-11 02:08:01,086 DEBUG cd frappe-bench && uv venv env --seed --python /home/frappe/.pyenv/versions/3.12.12/bin/python3
2026-02-11 02:08:06,261 LOG Getting frappe
2026-02-11 02:08:06,263 DEBUG cd frappe-bench/apps && git clone https://github.com/frappe/frappe.git --branch version-15 --depth 1 --origin upstream
2026-02-11 02:09:04,580 LOG Installing frappe
2026-02-11 02:09:04,594 DEBUG cd /workspace/development/frappe-bench && uv pip install --quiet --upgrade -e /workspace/development/frappe-bench/apps/frappe  --python /workspace/development/frappe-bench/env/bin/python
2026-02-11 02:14:06,762 DEBUG cd /workspace/development/frappe-bench/apps/frappe && yarn install --check-files
2026-02-11 02:18:50,805 DEBUG cd frappe-bench && bench build
2026-02-11 02:18:50,987 INFO /home/frappe/.local/bin/bench build
2026-02-11 02:20:19,363 LOG setting up backups
2026-02-11 02:20:19,415 LOG backups were set up
2026-02-11 02:20:19,416 INFO Bench frappe-bench initialized
2026-02-11 02:20:22,304 INFO A newer version of bench is available: 5.29.0 → 5.29.1
2026-02-11 02:20:37,455 INFO /home/frappe/.local/bin/bench set-config -g db_host mariadb
2026-02-11 02:20:40,985 INFO /home/frappe/.local/bin/bench set-config -g db_port 3306
2026-02-11 02:20:44,077 INFO /home/frappe/.local/bin/bench set-config -g redis_cache redis://redis-cache:6379
2026-02-11 02:20:46,739 INFO /home/frappe/.local/bin/bench set-config -g redis_queue redis://redis-queue:6379
2026-02-11 02:20:49,383 INFO /home/frappe/.local/bin/bench set-config -g redis_socketio redis://redis-queue:6379
2026-02-11 02:21:05,670 INFO /home/frappe/.local/bin/bench get-app erpnext --branch version-15
2026-02-11 02:21:06,270 LOG Getting erpnext
2026-02-11 02:21:06,271 DEBUG cd ./apps && git clone https://github.com/frappe/erpnext.git --branch version-15 --depth 1 --origin upstream
2026-02-11 02:22:05,962 LOG Installing erpnext
2026-02-11 02:22:05,969 DEBUG cd /workspace/development/frappe-bench && uv pip install --quiet --upgrade -e /workspace/development/frappe-bench/apps/erpnext  --python /workspace/development/frappe-bench/env/bin/python
2026-02-11 02:22:46,177 DEBUG cd /workspace/development/frappe-bench/apps/erpnext && yarn install --check-files
2026-02-11 02:22:52,011 DEBUG bench build --app erpnext
2026-02-11 02:22:52,206 INFO /home/frappe/.local/bin/bench build --app erpnext
2026-02-11 02:23:39,911 INFO A newer version of bench is available: 5.29.0 → 5.29.1
2026-02-11 02:23:51,674 INFO /home/frappe/.local/bin/bench get-app hrms --branch version-15
2026-02-11 02:23:52,393 LOG Getting hrms
2026-02-11 02:23:52,393 DEBUG cd ./apps && git clone https://github.com/frappe/hrms.git --branch version-15 --depth 1 --origin upstream
2026-02-11 02:24:09,625 LOG Installing hrms
2026-02-11 02:24:09,631 DEBUG cd /workspace/development/frappe-bench && uv pip install --quiet --upgrade -e /workspace/development/frappe-bench/apps/hrms  --python /workspace/development/frappe-bench/env/bin/python
2026-02-11 02:24:11,373 DEBUG cd /workspace/development/frappe-bench/apps/hrms && yarn install --check-files
2026-02-11 02:35:37,655 DEBUG bench build --app hrms
2026-02-11 02:35:37,944 INFO /home/frappe/.local/bin/bench build --app hrms
2026-02-11 02:39:00,807 INFO A newer version of bench is available: 5.29.0 → 5.29.1
2026-02-11 02:39:01,213 INFO /home/frappe/.local/bin/bench get-app payments --branch version-15
2026-02-11 02:39:01,931 LOG Getting payments
2026-02-11 02:39:01,931 DEBUG cd ./apps && git clone https://github.com/frappe/payments.git --branch version-15 --depth 1 --origin upstream
2026-02-11 02:39:04,124 LOG Installing payments
2026-02-11 02:39:04,131 DEBUG cd /workspace/development/frappe-bench && uv pip install --quiet --upgrade -e /workspace/development/frappe-bench/apps/payments  --python /workspace/development/frappe-bench/env/bin/python
2026-02-11 02:40:52,013 DEBUG bench build --app payments
2026-02-11 02:40:52,296 INFO /home/frappe/.local/bin/bench build --app payments
2026-02-11 02:41:34,151 INFO A newer version of bench is available: 5.29.0 → 5.29.1
2026-02-11 02:41:34,425 INFO /home/frappe/.local/bin/bench get-app https://github.com/winozz/ais-template.git
2026-02-11 02:41:34,544 LOG Getting ais-template
2026-02-11 02:41:34,545 DEBUG cd ./apps && git clone https://github.com/winozz/ais-template.git  --depth 1 --origin upstream
2026-02-11 02:41:35,225 WARNING cd ./apps && git clone https://github.com/winozz/ais-template.git  --depth 1 --origin upstream executed with exit code 128
2026-02-11 02:41:35,225 WARNING /home/frappe/.local/bin/bench get-app https://github.com/winozz/ais-template.git executed with exit code 1
2026-02-11 02:41:36,346 INFO A newer version of bench is available: 5.29.0 → 5.29.1
2026-02-11 02:42:57,953 INFO /home/frappe/.local/bin/bench new-site accounting.localhost --mariadb-root-password 123 --admin-password admin --db-host mariadb --db-port 3306 --install-app erpnext
2026-02-11 02:43:16,460 INFO /home/frappe/.local/bin/bench set-config -g db_host mariadb
2026-02-11 02:43:22,050 INFO /home/frappe/.local/bin/bench set-config -g db_port 3306
2026-02-11 02:43:40,485 INFO /home/frappe/.local/bin/bench new-site accounting.localhost --mariadb-root-password 123 --admin-password admin --db-host mariadb --db-port 3306 --install-app erpnext
2026-02-11 02:47:35,739 INFO /home/frappe/.local/bin/bench --site accounting.localhost install-app hrms
2026-02-11 02:49:05,648 INFO /home/frappe/.local/bin/bench --site accounting.localhost install-app payments
2026-02-11 02:50:17,625 INFO /home/frappe/.local/bin/bench --site accounting.localhost list-apps
2026-02-11 02:51:03,732 INFO /home/frappe/.pyenv/versions/3.11.9/bin/bench --site accounting.localhost list-apps
2026-02-11 02:58:29,686 INFO /home/frappe/.pyenv/versions/3.11.9/bin/bench get-app https://github.com/winozz/ais-template.git
2026-02-11 02:58:29,796 LOG Getting ais-template
2026-02-11 02:58:29,796 DEBUG cd ./apps && git clone https://github.com/winozz/ais-template.git  --depth 1 --origin upstream
2026-02-11 02:58:30,458 WARNING cd ./apps && git clone https://github.com/winozz/ais-template.git  --depth 1 --origin upstream executed with exit code 128
2026-02-11 02:58:30,459 WARNING /home/frappe/.pyenv/versions/3.11.9/bin/bench get-app https://github.com/winozz/ais-template.git executed with exit code 1
2026-02-11 02:59:48,555 INFO /home/frappe/.pyenv/versions/3.11.9/bin/bench get-app git@github.com:winozz/ais-template.git
2026-02-11 02:59:48,677 LOG Getting ais-template
2026-02-11 02:59:48,677 DEBUG cd ./apps && git clone git@github.com:winozz/ais-template.git  --depth 1 --origin upstream
2026-02-11 02:59:49,873 WARNING cd ./apps && git clone git@github.com:winozz/ais-template.git  --depth 1 --origin upstream executed with exit code 128
2026-02-11 02:59:49,874 WARNING /home/frappe/.pyenv/versions/3.11.9/bin/bench get-app git@github.com:winozz/ais-template.git executed with exit code 1
2026-02-11 03:01:56,197 INFO /home/frappe/.pyenv/versions/3.11.9/bin/bench get-app git@github.com:winozz/ais-template.git
2026-02-11 03:01:56,312 LOG Getting ais-template
2026-02-11 03:01:56,312 DEBUG cd ./apps && git clone git@github.com:winozz/ais-template.git  --depth 1 --origin upstream
2026-02-11 03:02:00,401 WARNING /home/frappe/.pyenv/versions/3.11.9/bin/bench get-app git@github.com:winozz/ais-template.git executed with exit code 1
2026-02-11 03:05:26,823 INFO /home/frappe/.pyenv/versions/3.11.9/bin/bench --site accounting.localhost list-apps
2026-02-11 03:05:39,977 INFO /home/frappe/.pyenv/versions/3.11.9/bin/bench --site accounting.localhost install-app accounting
2026-02-11 03:06:02,901 INFO /home/frappe/.pyenv/versions/3.11.9/bin/bench --site accounting.localhost install-app accounting
2026-02-11 03:07:05,205 INFO /home/frappe/.pyenv/versions/3.11.9/bin/bench --site accounting.localhost install-app accounting
2026-02-11 03:07:33,196 INFO /home/frappe/.pyenv/versions/3.11.9/bin/bench --site accounting.localhost install-app accounting
2026-02-11 03:08:18,389 INFO /home/frappe/.pyenv/versions/3.11.9/bin/bench --site accounting.localhost install-app accounting
2026-02-11 03:10:30,067 INFO /home/frappe/.pyenv/versions/3.11.9/bin/bench --site accounting.localhost list-apps
2026-02-11 03:10:58,226 INFO /home/frappe/.pyenv/versions/3.11.9/bin/bench --site accounting.localhost list-apps
2026-02-11 03:14:21,180 INFO /home/frappe/.pyenv/versions/3.11.9/bin/bench --site accounting.localhost list-apps
2026-02-11 03:15:20,760 INFO /home/frappe/.pyenv/versions/3.11.9/bin/bench --site accounting.localhost migrate
2026-02-11 03:17:40,504 INFO /home/frappe/.pyenv/versions/3.11.9/bin/bench restart
2026-02-11 03:25:47,228 INFO /home/frappe/.pyenv/versions/3.11.9/bin/bench start
2026-02-11 03:25:47,550 INFO /home/frappe/.pyenv/versions/3.11.9/bin/bench watch
2026-02-11 03:25:47,550 INFO /home/frappe/.pyenv/versions/3.11.9/bin/bench schedule
2026-02-11 03:25:47,576 INFO /home/frappe/.pyenv/versions/3.11.9/bin/bench serve --port 8002
2026-02-11 03:25:47,601 INFO /home/frappe/.pyenv/versions/3.11.9/bin/bench worker
2026-02-11 03:37:36,581 INFO /home/frappe/.pyenv/versions/3.11.9/bin/bench start
2026-02-11 03:37:36,877 INFO /home/frappe/.pyenv/versions/3.11.9/bin/bench serve --port 8002
2026-02-11 03:37:36,877 INFO /home/frappe/.pyenv/versions/3.11.9/bin/bench schedule
2026-02-11 03:37:36,896 INFO /home/frappe/.pyenv/versions/3.11.9/bin/bench watch
2026-02-11 03:37:36,908 INFO /home/frappe/.pyenv/versions/3.11.9/bin/bench worker
2026-02-11 04:02:17,802 INFO /home/frappe/.pyenv/versions/3.11.9/bin/bench --site accounting.localhost execute frappe.core.doctype.user.user.generate_keys --args [" Administrator\]
2026-02-11 04:03:10,411 INFO /home/frappe/.pyenv/versions/3.11.9/bin/bench --site accounting.localhost execute frappe.core.doctype.user.user.generate_keys --args [Administrator]
2026-02-11 04:04:08,899 INFO /home/frappe/.pyenv/versions/3.11.9/bin/bench --site accounting.localhost execute frappe.client.get_list --kwargs doctype:User fields:[name] limit_page_length:20
2026-02-11 05:07:41,943 INFO /home/frappe/.local/bin/bench --site ais.localhost install-app cvsu_hris
2026-02-11 05:08:04,750 INFO /home/frappe/.local/bin/bench --site accounting.localhost install-app cvsu_hris
2026-02-11 05:09:10,065 INFO /home/frappe/.local/bin/bench --site accounting.localhost install-app cvsu_hris
2026-02-11 05:10:08,014 INFO /home/frappe/.local/bin/bench --site accounting.localhost install-app cvsu_hris
2026-02-11 05:11:16,899 INFO /home/frappe/.local/bin/bench restart
2026-02-11 05:28:30,438 INFO /home/frappe/.local/bin/bench --site accounting.localhost list-apps
2026-02-11 05:28:41,202 INFO /home/frappe/.local/bin/bench restart
2026-02-11 05:29:30,774 INFO /home/frappe/.local/bin/bench start
2026-02-11 05:29:31,407 INFO /home/frappe/.local/bin/bench serve --port 8002
2026-02-11 05:29:31,407 INFO /home/frappe/.local/bin/bench watch
2026-02-11 05:29:31,407 INFO /home/frappe/.local/bin/bench schedule
2026-02-11 05:29:31,494 INFO /home/frappe/.local/bin/bench worker
2026-02-11 05:31:43,580 INFO /home/frappe/.local/bin/bench --site accounting.localhost clear-cache
2026-02-11 05:32:00,277 INFO /home/frappe/.local/bin/bench restart
2026-02-11 05:36:35,673 INFO /home/frappe/.local/bin/bench restart
2026-02-11 05:38:42,843 INFO /home/frappe/.local/bin/bench --site accounting.localhost clear-cache
2026-02-11 05:40:21,177 INFO /home/frappe/.local/bin/bench build
2026-02-11 05:40:43,099 INFO /home/frappe/.local/bin/bench build
2026-02-11 05:42:58,280 INFO /home/frappe/.local/bin/bench build
2026-02-11 05:43:31,020 INFO /home/frappe/.local/bin/bench build
2026-02-11 05:56:05,823 INFO /home/frappe/.local/bin/bench restart
2026-02-11 05:56:49,864 INFO /home/frappe/.local/bin/bench restart
2026-02-11 05:57:53,723 INFO /home/frappe/.local/bin/bench start
2026-02-11 05:57:54,270 INFO /home/frappe/.local/bin/bench watch
2026-02-11 05:57:54,270 INFO /home/frappe/.local/bin/bench schedule
2026-02-11 05:57:54,270 INFO /home/frappe/.local/bin/bench worker
2026-02-11 05:57:54,270 INFO /home/frappe/.local/bin/bench serve --port 8002
2026-02-11 06:20:38,654 INFO /home/frappe/.local/bin/bench start
2026-02-11 06:20:39,363 INFO /home/frappe/.local/bin/bench schedule
2026-02-11 06:20:39,363 INFO /home/frappe/.local/bin/bench serve --port 8002
2026-02-11 06:20:39,363 INFO /home/frappe/.local/bin/bench watch
2026-02-11 06:20:39,363 INFO /home/frappe/.local/bin/bench worker
2026-02-11 06:24:11,219 INFO /home/frappe/.local/bin/bench restart
2026-02-11 08:14:48,859 INFO /home/frappe/.local/bin/bench new-app ais --no-git --skip-redis
2026-02-11 08:14:48,935 WARNING /home/frappe/.local/bin/bench new-app ais --no-git --skip-redis executed with exit code 2
2026-02-11 08:14:55,806 INFO /home/frappe/.local/bin/bench new-app ais --no-git
2026-02-11 08:14:55,822 LOG creating new app ais
2026-02-11 08:15:09,481 WARNING /home/frappe/.local/bin/bench new-app ais --no-git executed with exit code 1
2026-02-11 09:22:48,552 INFO /home/frappe/.local/bin/bench build
2026-02-11 09:23:21,620 INFO /home/frappe/.local/bin/bench build
2026-02-11 09:27:49,428 INFO /home/frappe/.local/bin/bench start
2026-02-11 09:27:50,138 INFO /home/frappe/.local/bin/bench worker
2026-02-11 09:27:50,138 INFO /home/frappe/.local/bin/bench serve --port 8002
2026-02-11 09:27:50,138 INFO /home/frappe/.local/bin/bench schedule
2026-02-11 09:27:50,138 INFO /home/frappe/.local/bin/bench watch
2026-02-11 23:12:40,722 INFO /home/frappe/.local/bin/bench start
2026-02-11 23:12:41,437 INFO /home/frappe/.local/bin/bench worker
2026-02-11 23:12:41,437 INFO /home/frappe/.local/bin/bench watch
2026-02-11 23:12:41,437 INFO /home/frappe/.local/bin/bench serve --port 8002
2026-02-11 23:12:41,437 INFO /home/frappe/.local/bin/bench schedule
2026-02-11 23:12:43,429 INFO /home/frappe/.local/bin/bench start
2026-02-11 23:12:43,942 INFO /home/frappe/.local/bin/bench watch
2026-02-11 23:12:43,942 INFO /home/frappe/.local/bin/bench serve --port 8002
2026-02-11 23:12:43,969 INFO /home/frappe/.local/bin/bench schedule
2026-02-11 23:12:44,002 INFO /home/frappe/.local/bin/bench worker
2026-02-11 23:13:54,654 INFO /home/frappe/.local/bin/bench start
2026-02-11 23:13:55,335 INFO /home/frappe/.local/bin/bench watch
2026-02-11 23:13:55,335 INFO /home/frappe/.local/bin/bench serve --port 8002
2026-02-11 23:13:55,379 INFO /home/frappe/.local/bin/bench schedule
2026-02-11 23:13:55,412 INFO /home/frappe/.local/bin/bench worker
2026-02-15 23:23:32,054 INFO /home/frappe/.local/bin/bench start
2026-02-15 23:23:32,643 INFO /home/frappe/.local/bin/bench worker
2026-02-15 23:23:32,643 INFO /home/frappe/.local/bin/bench serve --port 8002
2026-02-15 23:23:32,643 INFO /home/frappe/.local/bin/bench watch
2026-02-15 23:23:32,643 INFO /home/frappe/.local/bin/bench schedule
2026-02-16 00:38:05,882 INFO /home/frappe/.local/bin/bench --site accounting.localhost migrate
2026-02-16 00:40:19,289 INFO /home/frappe/.local/bin/bench --site accounting.localhost --help
2026-02-16 00:40:19,289 INFO /home/frappe/.local/bin/bench --site accounting.localhost migrate
2026-02-16 00:42:32,983 INFO /home/frappe/.local/bin/bench --site accounting.localhost frappe accounting-sync-user-roles --user finance.user@cvsu.edu.ph --username fuser
2026-02-16 00:42:49,105 INFO /home/frappe/.local/bin/bench frappe --site accounting.localhost accounting-sync-user-roles --user finance.user@cvsu.edu.ph --username fuser
2026-02-16 00:42:58,795 INFO /home/frappe/.local/bin/bench --help
2026-02-16 00:43:08,933 INFO /home/frappe/.local/bin/bench --site accounting.localhost accounting-sync-user-roles --user finance.user@cvsu.edu.ph --username fuser
2026-02-16 00:43:25,671 INFO /home/frappe/.local/bin/bench --site accounting.localhost run-tests --app accounting --module accounting.tests.test_fr1_permission_runtime
2026-02-16 00:43:35,496 INFO /home/frappe/.local/bin/bench --site accounting.localhost set-config allow_tests true
2026-02-16 00:43:40,676 INFO /home/frappe/.local/bin/bench --site accounting.localhost run-tests --app accounting --module accounting.tests.test_fr1_permission_runtime
2026-02-16 00:44:13,211 INFO /home/frappe/.local/bin/bench --site accounting.localhost run-tests --app accounting --module accounting.tests.test_fr1_permission_runtime
2026-02-16 00:55:59,973 INFO /home/frappe/.local/bin/bench --site accounting.localhost add-user --help
2026-02-16 00:56:12,899 INFO /home/frappe/.local/bin/bench --site accounting.localhost add-user finance.user@cvsu.edu.ph --first-name Finance --last-name User --password Temp#12345 --user-type System User
2026-02-16 00:56:31,940 INFO /home/frappe/.local/bin/bench --site accounting.localhost accounting-sync-user-roles --user finance.user@cvsu.edu.ph --username fuser
2026-02-16 00:56:50,043 INFO /home/frappe/.local/bin/bench --site accounting.localhost accounting-sync-user-roles --user finance.user@cvsu.edu.ph --username fuser
2026-02-16 00:57:12,431 INFO /home/frappe/.local/bin/bench --site accounting.localhost accounting-sync-user-roles --user finance.user@cvsu.edu.ph --username fuser
2026-02-16 00:57:41,449 INFO /home/frappe/.local/bin/bench --site accounting.localhost execute frappe.get_roles --args [finance.user@cvsu.edu.ph]
2026-02-16 00:57:57,362 INFO /home/frappe/.local/bin/bench --site accounting.localhost execute frappe.db.exists --args [User,
2026-02-16 00:59:06,622 INFO /home/frappe/.local/bin/bench --site accounting.localhost execute frappe.get_roles --args [finance.user@cvsu.edu.ph]
2026-02-16 00:59:06,670 INFO /home/frappe/.local/bin/bench --site accounting.localhost accounting-sync-user-roles --user finance.user@cvsu.edu.ph --username fuser
2026-02-16 01:00:06,086 INFO /home/frappe/.local/bin/bench --site accounting.localhost accounting-sync-user-roles --user finance.user@cvsu.edu.ph --username fuser
2026-02-16 01:00:27,293 INFO /home/frappe/.local/bin/bench --site accounting.localhost execute accounting.auth.authorization.ensure_urs_roles
2026-02-16 01:00:46,250 INFO /home/frappe/.local/bin/bench --site accounting.localhost accounting-sync-user-roles --user finance.user@cvsu.edu.ph --username fuser
2026-02-16 01:01:08,792 INFO /home/frappe/.local/bin/bench --site accounting.localhost execute accounting.auth.authorization.fetch_ad_groups_from_ldap --args [" fuser\]
2026-02-16 01:01:08,811 INFO /home/frappe/.local/bin/bench --site accounting.localhost execute accounting.auth.authorization._get_ad_group_role_map
2026-02-16 01:01:17,561 INFO /home/frappe/.local/bin/bench --site accounting.localhost execute accounting.auth.authorization.fetch_ad_groups_from_ldap --args [fuser]
2026-02-16 01:01:30,243 INFO /home/frappe/.local/bin/bench --site accounting.localhost execute accounting.auth.authorization.sync_user_roles_from_ldap --kwargs user:finance.user@cvsu.edu.ph username:fuser remove_unmapped:true
2026-02-16 01:01:50,204 INFO /home/frappe/.local/bin/bench --site accounting.localhost execute accounting.auth.authorization.sync_user_roles_from_groups --args [finance.user@cvsu.edu.ph,
2026-02-16 01:02:07,318 INFO /home/frappe/.local/bin/bench --site accounting.localhost accounting-sync-user-roles --user finance.user@cvsu.edu.ph --username fuser
2026-02-16 01:02:40,913 INFO /home/frappe/.local/bin/bench --site accounting.localhost execute frappe.get_doc --args [User,finance.user@cvsu.edu.ph]
2026-02-16 01:03:24,484 INFO /home/frappe/.local/bin/bench --site accounting.localhost accounting-sync-user-roles --user finance.user@cvsu.edu.ph --username fuser
2026-02-16 01:03:56,089 INFO /home/frappe/.local/bin/bench --site accounting.localhost accounting-sync-user-roles --user finance.user@cvsu.edu.ph --username fuser
2026-02-16 01:10:30,701 INFO /home/frappe/.local/bin/bench --site accounting.localhost accounting-sync-user-roles --user finance.user@cvsu.edu.ph --username fuser
2026-02-16 01:10:51,382 INFO /home/frappe/.local/bin/bench --site accounting.localhost accounting-sync-user-roles --user finance.user@cvsu.edu.ph --username fuser
2026-02-16 01:23:28,761 INFO /home/frappe/.local/bin/bench --site accounting.localhost migrate
2026-02-16 01:26:58,344 INFO /home/frappe/.local/bin/bench --site accounting.localhost migrate
2026-02-16 01:36:17,487 INFO /home/frappe/.local/bin/bench --site accounting.localhost migrate
2026-02-16 01:46:29,800 INFO /home/frappe/.local/bin/bench --site accounting.localhost migrate
2026-02-16 01:52:20,314 INFO /home/frappe/.local/bin/bench --site accounting.localhost migrate
2026-02-16 01:55:44,023 INFO /home/frappe/.local/bin/bench --site accounting.localhost run-tests --app accounting --module accounting.tests.test_reports
2026-02-16 01:56:00,291 INFO /home/frappe/.local/bin/bench --site accounting.localhost migrate
2026-02-16 01:58:07,980 INFO /home/frappe/.local/bin/bench --site accounting.localhost migrate
2026-02-16 02:04:16,376 INFO /home/frappe/.local/bin/bench --site accounting.localhost run-tests --app accounting --module accounting.tests.test_audit_trail --module accounting.tests.test_disbursement_api --module accounting.tests.test_collections_api --module accounting.tests.test_reports
2026-02-16 02:04:35,674 INFO /home/frappe/.local/bin/bench --site accounting.localhost run-tests --app accounting --module accounting.tests.test_audit_trail
2026-02-16 02:04:52,812 INFO /home/frappe/.local/bin/bench --site accounting.localhost run-tests --app accounting --module accounting.tests.test_disbursement_api
2026-02-16 02:05:10,089 INFO /home/frappe/.local/bin/bench --site accounting.localhost run-tests --app accounting --module accounting.tests.test_collections_api
2026-02-16 02:05:27,496 INFO /home/frappe/.local/bin/bench --site accounting.localhost migrate
2026-02-16 02:07:35,635 INFO /home/frappe/.local/bin/bench --site accounting.localhost execute frappe.client.get_count --kwargs {" doctype\:\DocType\,\filters\:{\name\:\AIS State History\}}
2026-02-16 03:21:29,393 INFO /home/frappe/.local/bin/bench --site accounting.localhost run-tests --app accounting --module accounting.tests.test_attachment_setup --module accounting.tests.test_audit_trail --module accounting.tests.test_disbursement_api --module accounting.tests.test_collections_api
2026-02-16 03:21:49,486 INFO /home/frappe/.local/bin/bench --site accounting.localhost run-tests --app accounting --module accounting.tests.test_attachment_setup
2026-02-16 03:21:49,508 INFO /home/frappe/.local/bin/bench --site accounting.localhost run-tests --app accounting --module accounting.tests.test_audit_trail
2026-02-16 03:22:01,022 INFO /home/frappe/.local/bin/bench --site accounting.localhost run-tests --app accounting --module accounting.tests.test_audit_trail
2026-02-16 03:22:18,671 INFO /home/frappe/.local/bin/bench --site accounting.localhost run-tests --app accounting --module accounting.tests.test_disbursement_api
2026-02-16 03:22:18,689 INFO /home/frappe/.local/bin/bench --site accounting.localhost run-tests --app accounting --module accounting.tests.test_collections_api
2026-02-16 03:22:30,188 INFO /home/frappe/.local/bin/bench --site accounting.localhost run-tests --app accounting --module accounting.tests.test_collections_api
2026-02-16 03:22:55,575 INFO /home/frappe/.local/bin/bench --site accounting.localhost migrate
2026-02-16 03:27:32,428 INFO /home/frappe/.local/bin/bench --site accounting.localhost run-tests --app accounting --module accounting.tests.test_audit_trail
2026-02-16 03:27:32,444 INFO /home/frappe/.local/bin/bench --site accounting.localhost run-tests --app accounting --module accounting.tests.test_attachment_setup
2026-02-16 03:27:44,891 INFO /home/frappe/.local/bin/bench --site accounting.localhost run-tests --app accounting --module accounting.tests.test_audit_trail
2026-02-16 03:28:00,937 INFO /home/frappe/.local/bin/bench --site accounting.localhost migrate
2026-02-16 03:32:02,421 INFO /home/frappe/.local/bin/bench --site accounting.localhost run-tests --app accounting --module accounting.tests.test_attachment_setup
2026-02-16 03:32:02,438 INFO /home/frappe/.local/bin/bench --site accounting.localhost run-tests --app accounting --module accounting.tests.test_audit_trail
2026-02-16 03:32:21,001 INFO /home/frappe/.local/bin/bench --site accounting.localhost run-tests --app accounting --module accounting.tests.test_attachment_setup
2026-02-16 03:32:37,063 INFO /home/frappe/.local/bin/bench --site accounting.localhost migrate
2026-02-16 03:38:08,805 INFO /home/frappe/.local/bin/bench --site accounting.localhost run-tests --app accounting --module accounting.tests.test_disbursement_api
2026-02-16 03:38:27,442 INFO /home/frappe/.local/bin/bench --site accounting.localhost run-tests --app accounting --module accounting.tests.test_collections_api
2026-02-16 03:38:43,223 INFO /home/frappe/.local/bin/bench --site accounting.localhost run-tests --app accounting --module accounting.tests.test_audit_trail
2026-02-16 03:39:01,279 INFO /home/frappe/.local/bin/bench --site accounting.localhost run-tests --app accounting --module accounting.tests.test_attachment_setup
2026-02-16 03:39:20,785 INFO /home/frappe/.local/bin/bench --site accounting.localhost migrate
2026-02-16 03:42:27,727 INFO /home/frappe/.local/bin/bench --site accounting.localhost run-tests --app accounting --module accounting.tests.test_audit_trail
2026-02-16 03:42:44,675 INFO /home/frappe/.local/bin/bench --site accounting.localhost run-tests --app accounting --module accounting.tests.test_disbursement_api
2026-02-16 03:42:44,730 INFO /home/frappe/.local/bin/bench --site accounting.localhost run-tests --app accounting --module accounting.tests.test_collections_api
2026-02-16 03:42:56,477 INFO /home/frappe/.local/bin/bench --site accounting.localhost run-tests --app accounting --module accounting.tests.test_disbursement_api
2026-02-16 03:43:12,208 INFO /home/frappe/.local/bin/bench --site accounting.localhost migrate
2026-02-16 06:11:24,915 INFO /home/frappe/.local/bin/bench run-tests --help
2026-02-16 06:11:53,684 INFO /home/frappe/.local/bin/bench --site accounting.localhost run-tests --app accounting --coverage --skip-before-tests
2026-02-16 06:12:24,488 INFO /home/frappe/.local/bin/bench --site accounting.localhost run-tests --app accounting --coverage --skip-before-tests
2026-02-16 06:13:36,964 INFO /home/frappe/.local/bin/bench --site accounting.localhost run-tests --app accounting --coverage --skip-before-tests
2026-02-16 06:30:34,627 INFO /home/frappe/.local/bin/bench --site accounting.localhost run-tests --app accounting --coverage --skip-before-tests
2026-02-16 07:26:02,212 INFO /home/frappe/.pyenv/versions/3.14.2/bin/bench --site accounting.localhost run-tests --help
2026-02-16 07:26:02,316 INFO /home/frappe/.pyenv/versions/3.14.2/bin/bench --help
2026-02-16 07:26:15,600 INFO /home/frappe/.pyenv/versions/3.14.2/bin/bench --site accounting.localhost run-tests --app accounting --module accounting.tests --coverage --skip-before-tests
2026-02-16 07:26:49,427 INFO /home/frappe/.pyenv/versions/3.14.2/bin/bench --site accounting.localhost run-tests --app accounting --module accounting.accounting.tests --coverage --skip-before-tests
2026-02-16 07:28:20,051 INFO /home/frappe/.pyenv/versions/3.14.2/bin/bench --site accounting.localhost run-tests --app accounting --coverage --skip-before-tests
2026-02-16 07:29:36,827 INFO /home/frappe/.pyenv/versions/3.14.2/bin/bench --site accounting.localhost list-apps
2026-02-16 07:29:47,362 INFO /home/frappe/.pyenv/versions/3.14.2/bin/bench --site accounting.localhost run-tests --app accounting --module accounting.tests.test_commands --skip-before-tests --coverage
2026-02-16 07:31:17,396 INFO /home/frappe/.pyenv/versions/3.14.2/bin/bench --site accounting.localhost run-tests --app accounting --coverage --skip-before-tests
2026-02-16 07:33:05,746 INFO /home/frappe/.pyenv/versions/3.14.2/bin/bench --site accounting.localhost run-tests --app accounting --coverage --skip-before-tests
2026-02-16 07:35:20,541 INFO /home/frappe/.pyenv/versions/3.14.2/bin/bench --site accounting.localhost run-tests --app accounting --coverage --skip-before-tests
2026-02-16 07:36:39,618 INFO /home/frappe/.pyenv/versions/3.14.2/bin/bench --site accounting.localhost run-tests --app accounting --coverage --skip-before-tests
2026-02-16 08:09:56,833 INFO /home/frappe/.pyenv/versions/3.14.2/bin/bench --site accounting.localhost run-tests --app accounting --coverage --skip-before-tests
2026-02-16 08:27:10,750 INFO /home/frappe/.pyenv/versions/3.14.2/bin/bench --site accounting.localhost run-tests --app accounting --coverage --skip-before-tests
2026-02-16 08:51:30,676 INFO /home/frappe/.local/bin/bench --site ais.localhost add-to-hosts
2026-02-16 08:51:37,264 INFO /home/frappe/.local/bin/bench use ais.localhost
2026-02-17 23:23:48,299 INFO /home/frappe/.local/bin/bench start
2026-02-17 23:23:48,940 INFO /home/frappe/.local/bin/bench worker
2026-02-17 23:23:48,940 INFO /home/frappe/.local/bin/bench watch
2026-02-17 23:23:48,940 INFO /home/frappe/.local/bin/bench schedule
2026-02-17 23:23:48,940 INFO /home/frappe/.local/bin/bench serve --port 8002
2026-02-18 05:33:42,824 INFO /home/frappe/.local/bin/bench --version
2026-02-18 05:33:43,028 INFO /home/frappe/.local/bin/bench --site accounting.localhost list-apps
2026-02-18 23:52:16,738 INFO /home/frappe/.local/bin/bench start
2026-02-18 23:52:17,373 INFO /home/frappe/.local/bin/bench worker
2026-02-18 23:52:17,373 INFO /home/frappe/.local/bin/bench serve --port 8002
2026-02-18 23:52:17,373 INFO /home/frappe/.local/bin/bench watch
2026-02-18 23:52:17,373 INFO /home/frappe/.local/bin/bench schedule
2026-02-23 00:25:09,640 INFO /home/frappe/.local/bin/bench start
2026-02-23 00:25:10,209 INFO /home/frappe/.local/bin/bench worker
2026-02-23 00:25:10,209 INFO /home/frappe/.local/bin/bench watch
2026-02-23 00:25:10,209 INFO /home/frappe/.local/bin/bench serve --port 8002
2026-02-23 00:25:10,209 INFO /home/frappe/.local/bin/bench schedule
2026-02-24 00:07:40,424 INFO /home/frappe/.local/bin/bench start
2026-02-24 00:07:41,085 INFO /home/frappe/.local/bin/bench watch
2026-02-24 00:07:41,085 INFO /home/frappe/.local/bin/bench serve --port 8002
2026-02-24 00:07:41,085 INFO /home/frappe/.local/bin/bench schedule
2026-02-24 00:07:41,085 INFO /home/frappe/.local/bin/bench worker
2026-02-24 23:53:23,008 INFO /home/frappe/.local/bin/bench start
2026-02-24 23:53:23,606 INFO /home/frappe/.local/bin/bench watch
2026-02-24 23:53:23,606 INFO /home/frappe/.local/bin/bench schedule
2026-02-24 23:53:23,606 INFO /home/frappe/.local/bin/bench worker
2026-02-24 23:53:23,606 INFO /home/frappe/.local/bin/bench serve --port 8002
2026-02-25 23:39:17,632 INFO /home/frappe/.local/bin/bench start
2026-02-25 23:39:18,273 INFO /home/frappe/.local/bin/bench worker
2026-02-25 23:39:18,273 INFO /home/frappe/.local/bin/bench watch
2026-02-25 23:39:18,273 INFO /home/frappe/.local/bin/bench schedule
2026-02-25 23:39:18,273 INFO /home/frappe/.local/bin/bench serve --port 8002
