2026-02-11 05:29:52,729 ERROR frappe Could not take error snapshot: 'NoneType' object has no attribute 'get'
Site: accounting.localhost
Form Dict: {}
Traceback (most recent call last):
  File "/workspace/development/frappe-bench/apps/frappe/frappe/app.py", line 105, in application
    init_request(request)
  File "/workspace/development/frappe-bench/apps/frappe/frappe/app.py", line 178, in init_request
    frappe.init(site=site, sites_path=_sites_path, force=True)
  File "/workspace/development/frappe-bench/apps/frappe/frappe/__init__.py", line 258, in init
    setup_module_map(include_all_apps=not (frappe.request or frappe.job or frappe.flags.in_migrate))
  File "/workspace/development/frappe-bench/apps/frappe/frappe/__init__.py", line 1670, in setup_module_map
    for module in get_module_list(app):
                  ^^^^^^^^^^^^^^^^^^^^
  File "/workspace/development/frappe-bench/apps/frappe/frappe/__init__.py", line 1518, in get_module_list
    return get_file_items(get_app_path(app_name, "modules.txt"))
                          ^^^^^^^^^^^^^^^^^^^^^^^^^^^^^^^^^^^^^
  File "/workspace/development/frappe-bench/apps/frappe/frappe/__init__.py", line 1483, in get_app_path
    return get_pymodule_path(app_name, *joins)
           ^^^^^^^^^^^^^^^^^^^^^^^^^^^^^^^^^^^
  File "/workspace/development/frappe-bench/apps/frappe/frappe/__init__.py", line 1513, in get_pymodule_path
    return abspath(join(dirname(get_module(scrub(modulename)).__file__ or ""), *joins))
                                ^^^^^^^^^^^^^^^^^^^^^^^^^^^^^
  File "/workspace/development/frappe-bench/apps/frappe/frappe/__init__.py", line 1454, in get_module
    return importlib.import_module(modulename)
           ^^^^^^^^^^^^^^^^^^^^^^^^^^^^^^^^^^^
  File "/home/frappe/.pyenv/versions/3.12.12/lib/python3.12/importlib/__init__.py", line 90, in import_module
    return _bootstrap._gcd_import(name[level:], package, level)
           ^^^^^^^^^^^^^^^^^^^^^^^^^^^^^^^^^^^^^^^^^^^^^^^^^^^^
  File "<frozen importlib._bootstrap>", line 1387, in _gcd_import
  File "<frozen importlib._bootstrap>", line 1360, in _find_and_load
  File "<frozen importlib._bootstrap>", line 1324, in _find_and_load_unlocked
ModuleNotFoundError: No module named 'cvsu_hris'

During handling of the above exception, another exception occurred:

Traceback (most recent call last):
  File "/workspace/development/frappe-bench/apps/frappe/frappe/utils/error.py", line 86, in log_error_snapshot
    log_error(title=str(exception), defer_insert=True)
  File "/workspace/development/frappe-bench/apps/frappe/frappe/utils/error.py", line 61, in log_error
    error_log = frappe.get_doc(
                ^^^^^^^^^^^^^^^
  File "/workspace/development/frappe-bench/apps/frappe/frappe/__init__.py", line 1308, in get_doc
    return frappe.model.document.get_doc(*args, **kwargs)
           ^^^^^^^^^^^^^^^^^^^^^^^^^^^^^^^^^^^^^^^^^^^^^^
  File "/workspace/development/frappe-bench/apps/frappe/frappe/model/document.py", line 83, in get_doc
    controller = get_controller(doctype)
                 ^^^^^^^^^^^^^^^^^^^^^^^
  File "/workspace/development/frappe-bench/apps/frappe/frappe/model/base_document.py", line 67, in get_controller
    return import_controller(doctype)
           ^^^^^^^^^^^^^^^^^^^^^^^^^^
  File "/workspace/development/frappe-bench/apps/frappe/frappe/model/base_document.py", line 96, in import_controller
    module = load_doctype_module(doctype, module_name)
             ^^^^^^^^^^^^^^^^^^^^^^^^^^^^^^^^^^^^^^^^^
  File "/workspace/development/frappe-bench/apps/frappe/frappe/modules/utils.py", line 276, in load_doctype_module
    app = get_module_app(module)
          ^^^^^^^^^^^^^^^^^^^^^^
  File "/workspace/development/frappe-bench/apps/frappe/frappe/modules/utils.py", line 299, in get_module_app
    app = frappe.local.module_app.get(scrub(module))
          ^^^^^^^^^^^^^^^^^^^^^^^^^^^
AttributeError: 'NoneType' object has no attribute 'get'
2026-02-11 05:30:27,674 ERROR frappe Could not take error snapshot: 'NoneType' object has no attribute 'get'
Site: accounting.localhost
Form Dict: {}
Traceback (most recent call last):
  File "/workspace/development/frappe-bench/apps/frappe/frappe/app.py", line 105, in application
    init_request(request)
  File "/workspace/development/frappe-bench/apps/frappe/frappe/app.py", line 178, in init_request
    frappe.init(site=site, sites_path=_sites_path, force=True)
  File "/workspace/development/frappe-bench/apps/frappe/frappe/__init__.py", line 258, in init
    setup_module_map(include_all_apps=not (frappe.request or frappe.job or frappe.flags.in_migrate))
  File "/workspace/development/frappe-bench/apps/frappe/frappe/__init__.py", line 1670, in setup_module_map
    for module in get_module_list(app):
                  ^^^^^^^^^^^^^^^^^^^^
  File "/workspace/development/frappe-bench/apps/frappe/frappe/__init__.py", line 1518, in get_module_list
    return get_file_items(get_app_path(app_name, "modules.txt"))
                          ^^^^^^^^^^^^^^^^^^^^^^^^^^^^^^^^^^^^^
  File "/workspace/development/frappe-bench/apps/frappe/frappe/__init__.py", line 1483, in get_app_path
    return get_pymodule_path(app_name, *joins)
           ^^^^^^^^^^^^^^^^^^^^^^^^^^^^^^^^^^^
  File "/workspace/development/frappe-bench/apps/frappe/frappe/__init__.py", line 1513, in get_pymodule_path
    return abspath(join(dirname(get_module(scrub(modulename)).__file__ or ""), *joins))
                                ^^^^^^^^^^^^^^^^^^^^^^^^^^^^^
  File "/workspace/development/frappe-bench/apps/frappe/frappe/__init__.py", line 1454, in get_module
    return importlib.import_module(modulename)
           ^^^^^^^^^^^^^^^^^^^^^^^^^^^^^^^^^^^
  File "/home/frappe/.pyenv/versions/3.12.12/lib/python3.12/importlib/__init__.py", line 90, in import_module
    return _bootstrap._gcd_import(name[level:], package, level)
           ^^^^^^^^^^^^^^^^^^^^^^^^^^^^^^^^^^^^^^^^^^^^^^^^^^^^
  File "<frozen importlib._bootstrap>", line 1387, in _gcd_import
  File "<frozen importlib._bootstrap>", line 1360, in _find_and_load
  File "<frozen importlib._bootstrap>", line 1324, in _find_and_load_unlocked
ModuleNotFoundError: No module named 'cvsu_hris'

During handling of the above exception, another exception occurred:

Traceback (most recent call last):
  File "/workspace/development/frappe-bench/apps/frappe/frappe/utils/error.py", line 86, in log_error_snapshot
    log_error(title=str(exception), defer_insert=True)
  File "/workspace/development/frappe-bench/apps/frappe/frappe/utils/error.py", line 61, in log_error
    error_log = frappe.get_doc(
                ^^^^^^^^^^^^^^^
  File "/workspace/development/frappe-bench/apps/frappe/frappe/__init__.py", line 1308, in get_doc
    return frappe.model.document.get_doc(*args, **kwargs)
           ^^^^^^^^^^^^^^^^^^^^^^^^^^^^^^^^^^^^^^^^^^^^^^
  File "/workspace/development/frappe-bench/apps/frappe/frappe/model/document.py", line 83, in get_doc
    controller = get_controller(doctype)
                 ^^^^^^^^^^^^^^^^^^^^^^^
  File "/workspace/development/frappe-bench/apps/frappe/frappe/model/base_document.py", line 67, in get_controller
    return import_controller(doctype)
           ^^^^^^^^^^^^^^^^^^^^^^^^^^
  File "/workspace/development/frappe-bench/apps/frappe/frappe/model/base_document.py", line 96, in import_controller
    module = load_doctype_module(doctype, module_name)
             ^^^^^^^^^^^^^^^^^^^^^^^^^^^^^^^^^^^^^^^^^
  File "/workspace/development/frappe-bench/apps/frappe/frappe/modules/utils.py", line 276, in load_doctype_module
    app = get_module_app(module)
          ^^^^^^^^^^^^^^^^^^^^^^
  File "/workspace/development/frappe-bench/apps/frappe/frappe/modules/utils.py", line 299, in get_module_app
    app = frappe.local.module_app.get(scrub(module))
          ^^^^^^^^^^^^^^^^^^^^^^^^^^^
AttributeError: 'NoneType' object has no attribute 'get'
2026-02-11 05:31:16,094 ERROR frappe Could not take error snapshot: 'NoneType' object has no attribute 'get'
Site: accounting.localhost
Form Dict: {}
Traceback (most recent call last):
  File "/workspace/development/frappe-bench/apps/frappe/frappe/app.py", line 105, in application
    init_request(request)
  File "/workspace/development/frappe-bench/apps/frappe/frappe/app.py", line 178, in init_request
    frappe.init(site=site, sites_path=_sites_path, force=True)
  File "/workspace/development/frappe-bench/apps/frappe/frappe/__init__.py", line 258, in init
    setup_module_map(include_all_apps=not (frappe.request or frappe.job or frappe.flags.in_migrate))
  File "/workspace/development/frappe-bench/apps/frappe/frappe/__init__.py", line 1670, in setup_module_map
    for module in get_module_list(app):
                  ^^^^^^^^^^^^^^^^^^^^
  File "/workspace/development/frappe-bench/apps/frappe/frappe/__init__.py", line 1518, in get_module_list
    return get_file_items(get_app_path(app_name, "modules.txt"))
                          ^^^^^^^^^^^^^^^^^^^^^^^^^^^^^^^^^^^^^
  File "/workspace/development/frappe-bench/apps/frappe/frappe/__init__.py", line 1483, in get_app_path
    return get_pymodule_path(app_name, *joins)
           ^^^^^^^^^^^^^^^^^^^^^^^^^^^^^^^^^^^
  File "/workspace/development/frappe-bench/apps/frappe/frappe/__init__.py", line 1513, in get_pymodule_path
    return abspath(join(dirname(get_module(scrub(modulename)).__file__ or ""), *joins))
                                ^^^^^^^^^^^^^^^^^^^^^^^^^^^^^
  File "/workspace/development/frappe-bench/apps/frappe/frappe/__init__.py", line 1454, in get_module
    return importlib.import_module(modulename)
           ^^^^^^^^^^^^^^^^^^^^^^^^^^^^^^^^^^^
  File "/home/frappe/.pyenv/versions/3.12.12/lib/python3.12/importlib/__init__.py", line 90, in import_module
    return _bootstrap._gcd_import(name[level:], package, level)
           ^^^^^^^^^^^^^^^^^^^^^^^^^^^^^^^^^^^^^^^^^^^^^^^^^^^^
  File "<frozen importlib._bootstrap>", line 1387, in _gcd_import
  File "<frozen importlib._bootstrap>", line 1360, in _find_and_load
  File "<frozen importlib._bootstrap>", line 1324, in _find_and_load_unlocked
ModuleNotFoundError: No module named 'cvsu_hris'

During handling of the above exception, another exception occurred:

Traceback (most recent call last):
  File "/workspace/development/frappe-bench/apps/frappe/frappe/utils/error.py", line 86, in log_error_snapshot
    log_error(title=str(exception), defer_insert=True)
  File "/workspace/development/frappe-bench/apps/frappe/frappe/utils/error.py", line 61, in log_error
    error_log = frappe.get_doc(
                ^^^^^^^^^^^^^^^
  File "/workspace/development/frappe-bench/apps/frappe/frappe/__init__.py", line 1308, in get_doc
    return frappe.model.document.get_doc(*args, **kwargs)
           ^^^^^^^^^^^^^^^^^^^^^^^^^^^^^^^^^^^^^^^^^^^^^^
  File "/workspace/development/frappe-bench/apps/frappe/frappe/model/document.py", line 83, in get_doc
    controller = get_controller(doctype)
                 ^^^^^^^^^^^^^^^^^^^^^^^
  File "/workspace/development/frappe-bench/apps/frappe/frappe/model/base_document.py", line 67, in get_controller
    return import_controller(doctype)
           ^^^^^^^^^^^^^^^^^^^^^^^^^^
  File "/workspace/development/frappe-bench/apps/frappe/frappe/model/base_document.py", line 96, in import_controller
    module = load_doctype_module(doctype, module_name)
             ^^^^^^^^^^^^^^^^^^^^^^^^^^^^^^^^^^^^^^^^^
  File "/workspace/development/frappe-bench/apps/frappe/frappe/modules/utils.py", line 276, in load_doctype_module
    app = get_module_app(module)
          ^^^^^^^^^^^^^^^^^^^^^^
  File "/workspace/development/frappe-bench/apps/frappe/frappe/modules/utils.py", line 299, in get_module_app
    app = frappe.local.module_app.get(scrub(module))
          ^^^^^^^^^^^^^^^^^^^^^^^^^^^
AttributeError: 'NoneType' object has no attribute 'get'
2026-02-11 05:31:26,219 ERROR frappe Could not take error snapshot: 'NoneType' object has no attribute 'get'
Site: accounting.localhost
Form Dict: {}
Traceback (most recent call last):
  File "/workspace/development/frappe-bench/apps/frappe/frappe/app.py", line 105, in application
    init_request(request)
  File "/workspace/development/frappe-bench/apps/frappe/frappe/app.py", line 178, in init_request
    frappe.init(site=site, sites_path=_sites_path, force=True)
  File "/workspace/development/frappe-bench/apps/frappe/frappe/__init__.py", line 258, in init
    setup_module_map(include_all_apps=not (frappe.request or frappe.job or frappe.flags.in_migrate))
  File "/workspace/development/frappe-bench/apps/frappe/frappe/__init__.py", line 1670, in setup_module_map
    for module in get_module_list(app):
                  ^^^^^^^^^^^^^^^^^^^^
  File "/workspace/development/frappe-bench/apps/frappe/frappe/__init__.py", line 1518, in get_module_list
    return get_file_items(get_app_path(app_name, "modules.txt"))
                          ^^^^^^^^^^^^^^^^^^^^^^^^^^^^^^^^^^^^^
  File "/workspace/development/frappe-bench/apps/frappe/frappe/__init__.py", line 1483, in get_app_path
    return get_pymodule_path(app_name, *joins)
           ^^^^^^^^^^^^^^^^^^^^^^^^^^^^^^^^^^^
  File "/workspace/development/frappe-bench/apps/frappe/frappe/__init__.py", line 1513, in get_pymodule_path
    return abspath(join(dirname(get_module(scrub(modulename)).__file__ or ""), *joins))
                                ^^^^^^^^^^^^^^^^^^^^^^^^^^^^^
  File "/workspace/development/frappe-bench/apps/frappe/frappe/__init__.py", line 1454, in get_module
    return importlib.import_module(modulename)
           ^^^^^^^^^^^^^^^^^^^^^^^^^^^^^^^^^^^
  File "/home/frappe/.pyenv/versions/3.12.12/lib/python3.12/importlib/__init__.py", line 90, in import_module
    return _bootstrap._gcd_import(name[level:], package, level)
           ^^^^^^^^^^^^^^^^^^^^^^^^^^^^^^^^^^^^^^^^^^^^^^^^^^^^
  File "<frozen importlib._bootstrap>", line 1387, in _gcd_import
  File "<frozen importlib._bootstrap>", line 1360, in _find_and_load
  File "<frozen importlib._bootstrap>", line 1324, in _find_and_load_unlocked
ModuleNotFoundError: No module named 'cvsu_hris'

During handling of the above exception, another exception occurred:

Traceback (most recent call last):
  File "/workspace/development/frappe-bench/apps/frappe/frappe/utils/error.py", line 86, in log_error_snapshot
    log_error(title=str(exception), defer_insert=True)
  File "/workspace/development/frappe-bench/apps/frappe/frappe/utils/error.py", line 61, in log_error
    error_log = frappe.get_doc(
                ^^^^^^^^^^^^^^^
  File "/workspace/development/frappe-bench/apps/frappe/frappe/__init__.py", line 1308, in get_doc
    return frappe.model.document.get_doc(*args, **kwargs)
           ^^^^^^^^^^^^^^^^^^^^^^^^^^^^^^^^^^^^^^^^^^^^^^
  File "/workspace/development/frappe-bench/apps/frappe/frappe/model/document.py", line 83, in get_doc
    controller = get_controller(doctype)
                 ^^^^^^^^^^^^^^^^^^^^^^^
  File "/workspace/development/frappe-bench/apps/frappe/frappe/model/base_document.py", line 67, in get_controller
    return import_controller(doctype)
           ^^^^^^^^^^^^^^^^^^^^^^^^^^
  File "/workspace/development/frappe-bench/apps/frappe/frappe/model/base_document.py", line 96, in import_controller
    module = load_doctype_module(doctype, module_name)
             ^^^^^^^^^^^^^^^^^^^^^^^^^^^^^^^^^^^^^^^^^
  File "/workspace/development/frappe-bench/apps/frappe/frappe/modules/utils.py", line 276, in load_doctype_module
    app = get_module_app(module)
          ^^^^^^^^^^^^^^^^^^^^^^
  File "/workspace/development/frappe-bench/apps/frappe/frappe/modules/utils.py", line 299, in get_module_app
    app = frappe.local.module_app.get(scrub(module))
          ^^^^^^^^^^^^^^^^^^^^^^^^^^^
AttributeError: 'NoneType' object has no attribute 'get'
2026-02-11 05:31:48,908 ERROR frappe Could not take error snapshot: 'NoneType' object has no attribute 'get'
Site: accounting.localhost
Form Dict: {}
Traceback (most recent call last):
  File "/workspace/development/frappe-bench/apps/frappe/frappe/app.py", line 105, in application
    init_request(request)
  File "/workspace/development/frappe-bench/apps/frappe/frappe/app.py", line 178, in init_request
    frappe.init(site=site, sites_path=_sites_path, force=True)
  File "/workspace/development/frappe-bench/apps/frappe/frappe/__init__.py", line 258, in init
    setup_module_map(include_all_apps=not (frappe.request or frappe.job or frappe.flags.in_migrate))
  File "/workspace/development/frappe-bench/apps/frappe/frappe/__init__.py", line 1670, in setup_module_map
    for module in get_module_list(app):
                  ^^^^^^^^^^^^^^^^^^^^
  File "/workspace/development/frappe-bench/apps/frappe/frappe/__init__.py", line 1518, in get_module_list
    return get_file_items(get_app_path(app_name, "modules.txt"))
                          ^^^^^^^^^^^^^^^^^^^^^^^^^^^^^^^^^^^^^
  File "/workspace/development/frappe-bench/apps/frappe/frappe/__init__.py", line 1483, in get_app_path
    return get_pymodule_path(app_name, *joins)
           ^^^^^^^^^^^^^^^^^^^^^^^^^^^^^^^^^^^
  File "/workspace/development/frappe-bench/apps/frappe/frappe/__init__.py", line 1513, in get_pymodule_path
    return abspath(join(dirname(get_module(scrub(modulename)).__file__ or ""), *joins))
                                ^^^^^^^^^^^^^^^^^^^^^^^^^^^^^
  File "/workspace/development/frappe-bench/apps/frappe/frappe/__init__.py", line 1454, in get_module
    return importlib.import_module(modulename)
           ^^^^^^^^^^^^^^^^^^^^^^^^^^^^^^^^^^^
  File "/home/frappe/.pyenv/versions/3.12.12/lib/python3.12/importlib/__init__.py", line 90, in import_module
    return _bootstrap._gcd_import(name[level:], package, level)
           ^^^^^^^^^^^^^^^^^^^^^^^^^^^^^^^^^^^^^^^^^^^^^^^^^^^^
  File "<frozen importlib._bootstrap>", line 1387, in _gcd_import
  File "<frozen importlib._bootstrap>", line 1360, in _find_and_load
  File "<frozen importlib._bootstrap>", line 1324, in _find_and_load_unlocked
ModuleNotFoundError: No module named 'cvsu_hris'

During handling of the above exception, another exception occurred:

Traceback (most recent call last):
  File "/workspace/development/frappe-bench/apps/frappe/frappe/utils/error.py", line 86, in log_error_snapshot
    log_error(title=str(exception), defer_insert=True)
  File "/workspace/development/frappe-bench/apps/frappe/frappe/utils/error.py", line 61, in log_error
    error_log = frappe.get_doc(
                ^^^^^^^^^^^^^^^
  File "/workspace/development/frappe-bench/apps/frappe/frappe/__init__.py", line 1308, in get_doc
    return frappe.model.document.get_doc(*args, **kwargs)
           ^^^^^^^^^^^^^^^^^^^^^^^^^^^^^^^^^^^^^^^^^^^^^^
  File "/workspace/development/frappe-bench/apps/frappe/frappe/model/document.py", line 83, in get_doc
    controller = get_controller(doctype)
                 ^^^^^^^^^^^^^^^^^^^^^^^
  File "/workspace/development/frappe-bench/apps/frappe/frappe/model/base_document.py", line 67, in get_controller
    return import_controller(doctype)
           ^^^^^^^^^^^^^^^^^^^^^^^^^^
  File "/workspace/development/frappe-bench/apps/frappe/frappe/model/base_document.py", line 96, in import_controller
    module = load_doctype_module(doctype, module_name)
             ^^^^^^^^^^^^^^^^^^^^^^^^^^^^^^^^^^^^^^^^^
  File "/workspace/development/frappe-bench/apps/frappe/frappe/modules/utils.py", line 276, in load_doctype_module
    app = get_module_app(module)
          ^^^^^^^^^^^^^^^^^^^^^^
  File "/workspace/development/frappe-bench/apps/frappe/frappe/modules/utils.py", line 299, in get_module_app
    app = frappe.local.module_app.get(scrub(module))
          ^^^^^^^^^^^^^^^^^^^^^^^^^^^
AttributeError: 'NoneType' object has no attribute 'get'
2026-02-11 05:43:18,765 ERROR frappe Unable to load translations
Site: 
Form Dict: {}
Traceback (most recent call last):
  File "/workspace/development/frappe-bench/apps/frappe/frappe/utils/synchronization.py", line 40, in filelock
    with _StrongFileLock(lock_path, timeout=timeout):
         ^^^^^^^^^^^^^^^^^^^^^^^^^^^^^^^^^^^^^^^^^^^
  File "/workspace/development/frappe-bench/env/lib/python3.12/site-packages/filelock/_api.py", line 376, in __enter__
    self.acquire()
  File "/workspace/development/frappe-bench/env/lib/python3.12/site-packages/filelock/_api.py", line 341, in acquire
    raise Timeout(lock_filename)  # noqa: TRY301
    ^^^^^^^^^^^^^^^^^^^^^^^^^^^^
filelock._error.Timeout: The file lock '/workspace/development/frappe-bench/config/bench_build.lock' could not be acquired.

During handling of the above exception, another exception occurred:

Traceback (most recent call last):
  File "/workspace/development/frappe-bench/apps/frappe/frappe/utils/caching.py", line 57, in wrapper
    return frappe.local.request_cache[func][args_key]
           ~~~~~~~~~~~~~~~~~~~~~~~~~~~~~~~~^^^^^^^^^^
KeyError: -2663831364913317038

During handling of the above exception, another exception occurred:

Traceback (most recent call last):
  File "/workspace/development/frappe-bench/apps/frappe/frappe/translate.py", line 164, in get_all_translations
    return frappe.cache.hget(MERGED_TRANSLATION_KEY, lang, generator=_merge_translations)
           ^^^^^^^^^^^^^^^^^^^^^^^^^^^^^^^^^^^^^^^^^^^^^^^^^^^^^^^^^^^^^^^^^^^^^^^^^^^^^^
  File "/workspace/development/frappe-bench/apps/frappe/frappe/utils/redis_wrapper.py", line 241, in hget
    value = generator()
            ^^^^^^^^^^^
  File "/workspace/development/frappe-bench/apps/frappe/frappe/translate.py", line 152, in _merge_translations
    all_translations.update(get_translations_from_apps(lang))
                            ^^^^^^^^^^^^^^^^^^^^^^^^^^^^^^^^
  File "/workspace/development/frappe-bench/apps/frappe/frappe/translate.py", line 181, in get_translations_from_apps
    for app in apps or frappe.get_installed_apps(_ensure_on_bench=True):
                       ^^^^^^^^^^^^^^^^^^^^^^^^^^^^^^^^^^^^^^^^^^^^^^^^
  File "/workspace/development/frappe-bench/apps/frappe/frappe/utils/caching.py", line 59, in wrapper
    return_val = func(*args, **kwargs)
                 ^^^^^^^^^^^^^^^^^^^^^
  File "/workspace/development/frappe-bench/apps/frappe/frappe/__init__.py", line 1551, in get_installed_apps
    connect()
  File "/workspace/development/frappe-bench/apps/frappe/frappe/__init__.py", line 275, in connect
    assert db_name or local.conf.db_name, "site must be fully initialized, db_name missing"
           ^^^^^^^^^^^^^^^^^^^^^^^^^^^^^
AssertionError: site must be fully initialized, db_name missing
2026-02-11 05:43:18,811 ERROR frappe Unable to load translations
Site: 
Form Dict: {}
Traceback (most recent call last):
  File "/workspace/development/frappe-bench/apps/frappe/frappe/utils/synchronization.py", line 40, in filelock
    with _StrongFileLock(lock_path, timeout=timeout):
         ^^^^^^^^^^^^^^^^^^^^^^^^^^^^^^^^^^^^^^^^^^^
  File "/workspace/development/frappe-bench/env/lib/python3.12/site-packages/filelock/_api.py", line 376, in __enter__
    self.acquire()
  File "/workspace/development/frappe-bench/env/lib/python3.12/site-packages/filelock/_api.py", line 341, in acquire
    raise Timeout(lock_filename)  # noqa: TRY301
    ^^^^^^^^^^^^^^^^^^^^^^^^^^^^
filelock._error.Timeout: The file lock '/workspace/development/frappe-bench/config/bench_build.lock' could not be acquired.

During handling of the above exception, another exception occurred:

Traceback (most recent call last):
  File "/workspace/development/frappe-bench/apps/frappe/frappe/utils/caching.py", line 57, in wrapper
    return frappe.local.request_cache[func][args_key]
           ~~~~~~~~~~~~~~~~~~~~~~~~~~~~~~~~^^^^^^^^^^
KeyError: -2663831364913317038

During handling of the above exception, another exception occurred:

Traceback (most recent call last):
  File "/workspace/development/frappe-bench/apps/frappe/frappe/translate.py", line 164, in get_all_translations
    return frappe.cache.hget(MERGED_TRANSLATION_KEY, lang, generator=_merge_translations)
           ^^^^^^^^^^^^^^^^^^^^^^^^^^^^^^^^^^^^^^^^^^^^^^^^^^^^^^^^^^^^^^^^^^^^^^^^^^^^^^
  File "/workspace/development/frappe-bench/apps/frappe/frappe/utils/redis_wrapper.py", line 241, in hget
    value = generator()
            ^^^^^^^^^^^
  File "/workspace/development/frappe-bench/apps/frappe/frappe/translate.py", line 152, in _merge_translations
    all_translations.update(get_translations_from_apps(lang))
                            ^^^^^^^^^^^^^^^^^^^^^^^^^^^^^^^^
  File "/workspace/development/frappe-bench/apps/frappe/frappe/translate.py", line 181, in get_translations_from_apps
    for app in apps or frappe.get_installed_apps(_ensure_on_bench=True):
                       ^^^^^^^^^^^^^^^^^^^^^^^^^^^^^^^^^^^^^^^^^^^^^^^^
  File "/workspace/development/frappe-bench/apps/frappe/frappe/utils/caching.py", line 59, in wrapper
    return_val = func(*args, **kwargs)
                 ^^^^^^^^^^^^^^^^^^^^^
  File "/workspace/development/frappe-bench/apps/frappe/frappe/__init__.py", line 1551, in get_installed_apps
    connect()
  File "/workspace/development/frappe-bench/apps/frappe/frappe/__init__.py", line 275, in connect
    assert db_name or local.conf.db_name, "site must be fully initialized, db_name missing"
           ^^^^^^^^^^^^^^^^^^^^^^^^^^^^^
AssertionError: site must be fully initialized, db_name missing
2026-02-11 06:21:41,886 ERROR frappe Could not take error snapshot: (1045, "Access denied for user '_e54b27b3eeeb62ba'@'172.19.0.4' (using password: YES)")
Site: accounting.localhost
Form Dict: {'name': '["like","%PAE-2026-00017%"]'}
Traceback (most recent call last):
  File "/workspace/development/frappe-bench/apps/frappe/frappe/website/serve.py", line 19, in get_response
    endpoint, renderer_instance = path_resolver.resolve()
                                  ^^^^^^^^^^^^^^^^^^^^^^^
  File "/workspace/development/frappe-bench/apps/frappe/frappe/website/path_resolver.py", line 38, in resolve
    resolve_redirect(self.path, request.query_string)
  File "/workspace/development/frappe-bench/apps/frappe/frappe/website/path_resolver.py", line 118, in resolve_redirect
    redirects += frappe.get_all(
                 ^^^^^^^^^^^^^^^
  File "/workspace/development/frappe-bench/apps/frappe/frappe/__init__.py", line 2047, in get_all
    return get_list(doctype, *args, **kwargs)
           ^^^^^^^^^^^^^^^^^^^^^^^^^^^^^^^^^^
  File "/workspace/development/frappe-bench/apps/frappe/frappe/__init__.py", line 2022, in get_list
    return frappe.model.db_query.DatabaseQuery(doctype).execute(*args, **kwargs)
           ^^^^^^^^^^^^^^^^^^^^^^^^^^^^^^^^^^^^^^^^^^^^^^^^^^^^^^^^^^^^^^^^^^^^^
  File "/workspace/development/frappe-bench/apps/frappe/frappe/model/db_query.py", line 188, in execute
    if is_virtual_doctype(self.doctype):
       ^^^^^^^^^^^^^^^^^^^^^^^^^^^^^^^^
  File "/workspace/development/frappe-bench/apps/frappe/frappe/utils/caching.py", line 121, in site_cache_wrapper
    _SITE_CACHE[func_key][frappe.local.site][func_call_key] = func(*args, **kwargs)
                                                              ^^^^^^^^^^^^^^^^^^^^^
  File "/workspace/development/frappe-bench/apps/frappe/frappe/model/utils/__init__.py", line 135, in is_virtual_doctype
    return frappe.db.get_value("DocType", doctype, "is_virtual")
           ^^^^^^^^^^^^^^^^^^^^^^^^^^^^^^^^^^^^^^^^^^^^^^^^^^^^^
  File "/workspace/development/frappe-bench/apps/frappe/frappe/database/database.py", line 514, in get_value
    result = self.get_values(
             ^^^^^^^^^^^^^^^^
  File "/workspace/development/frappe-bench/apps/frappe/frappe/database/database.py", line 618, in get_values
    out = self._get_values_from_table(
          ^^^^^^^^^^^^^^^^^^^^^^^^^^^^
  File "/workspace/development/frappe-bench/apps/frappe/frappe/database/database.py", line 891, in _get_values_from_table
    return query.run(as_dict=as_dict, debug=debug, update=update, run=run, pluck=pluck)
           ^^^^^^^^^^^^^^^^^^^^^^^^^^^^^^^^^^^^^^^^^^^^^^^^^^^^^^^^^^^^^^^^^^^^^^^^^^^^
  File "/workspace/development/frappe-bench/apps/frappe/frappe/query_builder/utils.py", line 87, in execute_query
    result = frappe.db.sql(query, params, *args, **kwargs)  # nosemgrep
             ^^^^^^^^^^^^^^^^^^^^^^^^^^^^^^^^^^^^^^^^^^^^^
  File "/workspace/development/frappe-bench/apps/frappe/frappe/database/database.py", line 207, in sql
    self.connect()
  File "/workspace/development/frappe-bench/apps/frappe/frappe/database/database.py", line 112, in connect
    self._conn: MariadbConnection | PostgresConnection = self.get_connection()
                                                         ^^^^^^^^^^^^^^^^^^^^^
  File "/workspace/development/frappe-bench/apps/frappe/frappe/database/mariadb/database.py", line 108, in get_connection
    conn = self._get_connection()
           ^^^^^^^^^^^^^^^^^^^^^^
  File "/workspace/development/frappe-bench/apps/frappe/frappe/database/mariadb/database.py", line 114, in _get_connection
    return self.create_connection()
           ^^^^^^^^^^^^^^^^^^^^^^^^
  File "/workspace/development/frappe-bench/apps/frappe/frappe/database/mariadb/database.py", line 117, in create_connection
    return pymysql.connect(**self.get_connection_settings())
           ^^^^^^^^^^^^^^^^^^^^^^^^^^^^^^^^^^^^^^^^^^^^^^^^^
  File "/workspace/development/frappe-bench/env/lib/python3.12/site-packages/pymysql/connections.py", line 361, in __init__
    self.connect()
  File "/workspace/development/frappe-bench/env/lib/python3.12/site-packages/pymysql/connections.py", line 669, in connect
    self._request_authentication()
  File "/workspace/development/frappe-bench/env/lib/python3.12/site-packages/pymysql/connections.py", line 957, in _request_authentication
    auth_packet = self._read_packet()
                  ^^^^^^^^^^^^^^^^^^^
  File "/workspace/development/frappe-bench/env/lib/python3.12/site-packages/pymysql/connections.py", line 775, in _read_packet
    packet.raise_for_error()
  File "/workspace/development/frappe-bench/env/lib/python3.12/site-packages/pymysql/protocol.py", line 219, in raise_for_error
    err.raise_mysql_exception(self._data)
  File "/workspace/development/frappe-bench/env/lib/python3.12/site-packages/pymysql/err.py", line 150, in raise_mysql_exception
    raise errorclass(errno, errval)
pymysql.err.OperationalError: (1045, "Access denied for user '_e54b27b3eeeb62ba'@'172.19.0.4' (using password: YES)")

During handling of the above exception, another exception occurred:

Traceback (most recent call last):
  File "/workspace/development/frappe-bench/apps/frappe/frappe/app.py", line 129, in application
    response = get_response()
               ^^^^^^^^^^^^^^
  File "/workspace/development/frappe-bench/apps/frappe/frappe/website/serve.py", line 23, in get_response
    return handle_exception(e, endpoint, path, http_status_code)
           ^^^^^^^^^^^^^^^^^^^^^^^^^^^^^^^^^^^^^^^^^^^^^^^^^^^^^
  File "/workspace/development/frappe-bench/apps/frappe/frappe/permissions.py", line 883, in wrapper
    return fn(e, *args, **kwargs)
           ^^^^^^^^^^^^^^^^^^^^^^
  File "/workspace/development/frappe-bench/apps/frappe/frappe/website/serve.py", line 37, in handle_exception
    return ErrorPage(exception=e).render()
           ^^^^^^^^^^^^^^^^^^^^^^^^^^^^^^^
  File "/workspace/development/frappe-bench/apps/frappe/frappe/website/page_renderers/template_page.py", line 84, in render
    html = self.get_html()
           ^^^^^^^^^^^^^^^
  File "/workspace/development/frappe-bench/apps/frappe/frappe/website/utils.py", line 534, in cache_html_decorator
    html = func(*args, **kwargs)
           ^^^^^^^^^^^^^^^^^^^^^
  File "/workspace/development/frappe-bench/apps/frappe/frappe/website/page_renderers/template_page.py", line 92, in get_html
    self.init_context()
  File "/workspace/development/frappe-bench/apps/frappe/frappe/website/page_renderers/error_page.py", line 14, in init_context
    super().init_context()
  File "/workspace/development/frappe-bench/apps/frappe/frappe/website/page_renderers/base_template_page.py", line 15, in init_context
    self.context.update(get_website_settings())
                        ^^^^^^^^^^^^^^^^^^^^^^
  File "/workspace/development/frappe-bench/apps/frappe/frappe/website/doctype/website_settings/website_settings.py", line 263, in get_website_settings
    context.boot = get_boot_data()
                   ^^^^^^^^^^^^^^^
  File "/workspace/development/frappe-bench/apps/frappe/frappe/website/utils.py", line 171, in get_boot_data
    apps = get_apps() or []
           ^^^^^^^^^^
  File "/workspace/development/frappe-bench/apps/frappe/frappe/utils/typing_validations.py", line 32, in wrapper
    return func(*args, **kwargs)
           ^^^^^^^^^^^^^^^^^^^^^
  File "/workspace/development/frappe-bench/apps/frappe/frappe/apps.py", line 20, in get_apps
    allowed_workspaces = get_workspace_sidebar_items().get("pages")
                         ^^^^^^^^^^^^^^^^^^^^^^^^^^^^^
  File "/workspace/development/frappe-bench/apps/frappe/frappe/utils/typing_validations.py", line 32, in wrapper
    return func(*args, **kwargs)
           ^^^^^^^^^^^^^^^^^^^^^
  File "/workspace/development/frappe-bench/apps/frappe/frappe/desk/desktop.py", line 451, in get_workspace_sidebar_items
    all_pages = frappe.get_all(
                ^^^^^^^^^^^^^^^
  File "/workspace/development/frappe-bench/apps/frappe/frappe/__init__.py", line 2047, in get_all
    return get_list(doctype, *args, **kwargs)
           ^^^^^^^^^^^^^^^^^^^^^^^^^^^^^^^^^^
  File "/workspace/development/frappe-bench/apps/frappe/frappe/__init__.py", line 2022, in get_list
    return frappe.model.db_query.DatabaseQuery(doctype).execute(*args, **kwargs)
           ^^^^^^^^^^^^^^^^^^^^^^^^^^^^^^^^^^^^^^^^^^^^^^^^^^^^^^^^^^^^^^^^^^^^^
  File "/workspace/development/frappe-bench/apps/frappe/frappe/model/db_query.py", line 188, in execute
    if is_virtual_doctype(self.doctype):
       ^^^^^^^^^^^^^^^^^^^^^^^^^^^^^^^^
  File "/workspace/development/frappe-bench/apps/frappe/frappe/utils/caching.py", line 121, in site_cache_wrapper
    _SITE_CACHE[func_key][frappe.local.site][func_call_key] = func(*args, **kwargs)
                                                              ^^^^^^^^^^^^^^^^^^^^^
  File "/workspace/development/frappe-bench/apps/frappe/frappe/model/utils/__init__.py", line 135, in is_virtual_doctype
    return frappe.db.get_value("DocType", doctype, "is_virtual")
           ^^^^^^^^^^^^^^^^^^^^^^^^^^^^^^^^^^^^^^^^^^^^^^^^^^^^^
  File "/workspace/development/frappe-bench/apps/frappe/frappe/database/database.py", line 514, in get_value
    result = self.get_values(
             ^^^^^^^^^^^^^^^^
  File "/workspace/development/frappe-bench/apps/frappe/frappe/database/database.py", line 618, in get_values
    out = self._get_values_from_table(
          ^^^^^^^^^^^^^^^^^^^^^^^^^^^^
  File "/workspace/development/frappe-bench/apps/frappe/frappe/database/database.py", line 891, in _get_values_from_table
    return query.run(as_dict=as_dict, debug=debug, update=update, run=run, pluck=pluck)
           ^^^^^^^^^^^^^^^^^^^^^^^^^^^^^^^^^^^^^^^^^^^^^^^^^^^^^^^^^^^^^^^^^^^^^^^^^^^^
  File "/workspace/development/frappe-bench/apps/frappe/frappe/query_builder/utils.py", line 87, in execute_query
    result = frappe.db.sql(query, params, *args, **kwargs)  # nosemgrep
             ^^^^^^^^^^^^^^^^^^^^^^^^^^^^^^^^^^^^^^^^^^^^^
  File "/workspace/development/frappe-bench/apps/frappe/frappe/database/database.py", line 207, in sql
    self.connect()
  File "/workspace/development/frappe-bench/apps/frappe/frappe/database/database.py", line 112, in connect
    self._conn: MariadbConnection | PostgresConnection = self.get_connection()
                                                         ^^^^^^^^^^^^^^^^^^^^^
  File "/workspace/development/frappe-bench/apps/frappe/frappe/database/mariadb/database.py", line 108, in get_connection
    conn = self._get_connection()
           ^^^^^^^^^^^^^^^^^^^^^^
  File "/workspace/development/frappe-bench/apps/frappe/frappe/database/mariadb/database.py", line 114, in _get_connection
    return self.create_connection()
           ^^^^^^^^^^^^^^^^^^^^^^^^
  File "/workspace/development/frappe-bench/apps/frappe/frappe/database/mariadb/database.py", line 117, in create_connection
    return pymysql.connect(**self.get_connection_settings())
           ^^^^^^^^^^^^^^^^^^^^^^^^^^^^^^^^^^^^^^^^^^^^^^^^^
  File "/workspace/development/frappe-bench/env/lib/python3.12/site-packages/pymysql/connections.py", line 361, in __init__
    self.connect()
  File "/workspace/development/frappe-bench/env/lib/python3.12/site-packages/pymysql/connections.py", line 669, in connect
    self._request_authentication()
  File "/workspace/development/frappe-bench/env/lib/python3.12/site-packages/pymysql/connections.py", line 957, in _request_authentication
    auth_packet = self._read_packet()
                  ^^^^^^^^^^^^^^^^^^^
  File "/workspace/development/frappe-bench/env/lib/python3.12/site-packages/pymysql/connections.py", line 775, in _read_packet
    packet.raise_for_error()
  File "/workspace/development/frappe-bench/env/lib/python3.12/site-packages/pymysql/protocol.py", line 219, in raise_for_error
    err.raise_mysql_exception(self._data)
  File "/workspace/development/frappe-bench/env/lib/python3.12/site-packages/pymysql/err.py", line 150, in raise_mysql_exception
    raise errorclass(errno, errval)
pymysql.err.OperationalError: (1045, "Access denied for user '_e54b27b3eeeb62ba'@'172.19.0.4' (using password: YES)")

During handling of the above exception, another exception occurred:

Traceback (most recent call last):
  File "/workspace/development/frappe-bench/apps/frappe/frappe/utils/error.py", line 86, in log_error_snapshot
    log_error(title=str(exception), defer_insert=True)
  File "/workspace/development/frappe-bench/apps/frappe/frappe/utils/error.py", line 61, in log_error
    error_log = frappe.get_doc(
                ^^^^^^^^^^^^^^^
  File "/workspace/development/frappe-bench/apps/frappe/frappe/__init__.py", line 1308, in get_doc
    return frappe.model.document.get_doc(*args, **kwargs)
           ^^^^^^^^^^^^^^^^^^^^^^^^^^^^^^^^^^^^^^^^^^^^^^
  File "/workspace/development/frappe-bench/apps/frappe/frappe/model/document.py", line 83, in get_doc
    controller = get_controller(doctype)
                 ^^^^^^^^^^^^^^^^^^^^^^^
  File "/workspace/development/frappe-bench/apps/frappe/frappe/model/base_document.py", line 67, in get_controller
    return import_controller(doctype)
           ^^^^^^^^^^^^^^^^^^^^^^^^^^
  File "/workspace/development/frappe-bench/apps/frappe/frappe/model/base_document.py", line 82, in import_controller
    doctype_info = frappe.db.get_value("DocType", doctype, ("module", "custom", "is_tree"), as_dict=True)
                   ^^^^^^^^^^^^^^^^^^^^^^^^^^^^^^^^^^^^^^^^^^^^^^^^^^^^^^^^^^^^^^^^^^^^^^^^^^^^^^^^^^^^^^
  File "/workspace/development/frappe-bench/apps/frappe/frappe/database/database.py", line 514, in get_value
    result = self.get_values(
             ^^^^^^^^^^^^^^^^
  File "/workspace/development/frappe-bench/apps/frappe/frappe/database/database.py", line 618, in get_values
    out = self._get_values_from_table(
          ^^^^^^^^^^^^^^^^^^^^^^^^^^^^
  File "/workspace/development/frappe-bench/apps/frappe/frappe/database/database.py", line 891, in _get_values_from_table
    return query.run(as_dict=as_dict, debug=debug, update=update, run=run, pluck=pluck)
           ^^^^^^^^^^^^^^^^^^^^^^^^^^^^^^^^^^^^^^^^^^^^^^^^^^^^^^^^^^^^^^^^^^^^^^^^^^^^
  File "/workspace/development/frappe-bench/apps/frappe/frappe/query_builder/utils.py", line 87, in execute_query
    result = frappe.db.sql(query, params, *args, **kwargs)  # nosemgrep
             ^^^^^^^^^^^^^^^^^^^^^^^^^^^^^^^^^^^^^^^^^^^^^
  File "/workspace/development/frappe-bench/apps/frappe/frappe/database/database.py", line 207, in sql
    self.connect()
  File "/workspace/development/frappe-bench/apps/frappe/frappe/database/database.py", line 112, in connect
    self._conn: MariadbConnection | PostgresConnection = self.get_connection()
                                                         ^^^^^^^^^^^^^^^^^^^^^
  File "/workspace/development/frappe-bench/apps/frappe/frappe/database/mariadb/database.py", line 108, in get_connection
    conn = self._get_connection()
           ^^^^^^^^^^^^^^^^^^^^^^
  File "/workspace/development/frappe-bench/apps/frappe/frappe/database/mariadb/database.py", line 114, in _get_connection
    return self.create_connection()
           ^^^^^^^^^^^^^^^^^^^^^^^^
  File "/workspace/development/frappe-bench/apps/frappe/frappe/database/mariadb/database.py", line 117, in create_connection
    return pymysql.connect(**self.get_connection_settings())
           ^^^^^^^^^^^^^^^^^^^^^^^^^^^^^^^^^^^^^^^^^^^^^^^^^
  File "/workspace/development/frappe-bench/env/lib/python3.12/site-packages/pymysql/connections.py", line 361, in __init__
    self.connect()
  File "/workspace/development/frappe-bench/env/lib/python3.12/site-packages/pymysql/connections.py", line 669, in connect
    self._request_authentication()
  File "/workspace/development/frappe-bench/env/lib/python3.12/site-packages/pymysql/connections.py", line 957, in _request_authentication
    auth_packet = self._read_packet()
                  ^^^^^^^^^^^^^^^^^^^
  File "/workspace/development/frappe-bench/env/lib/python3.12/site-packages/pymysql/connections.py", line 775, in _read_packet
    packet.raise_for_error()
  File "/workspace/development/frappe-bench/env/lib/python3.12/site-packages/pymysql/protocol.py", line 219, in raise_for_error
    err.raise_mysql_exception(self._data)
  File "/workspace/development/frappe-bench/env/lib/python3.12/site-packages/pymysql/err.py", line 150, in raise_mysql_exception
    raise errorclass(errno, errval)
pymysql.err.OperationalError: (1045, "Access denied for user '_e54b27b3eeeb62ba'@'172.19.0.4' (using password: YES)")
2026-02-11 06:21:41,887 ERROR frappe Could not take error snapshot: (1045, "Access denied for user '_e54b27b3eeeb62ba'@'172.19.0.4' (using password: YES)")
Site: accounting.localhost
Form Dict: {'name': '["like","%PAE-2026-00017%"]'}
Traceback (most recent call last):
  File "/workspace/development/frappe-bench/apps/frappe/frappe/website/serve.py", line 19, in get_response
    endpoint, renderer_instance = path_resolver.resolve()
                                  ^^^^^^^^^^^^^^^^^^^^^^^
  File "/workspace/development/frappe-bench/apps/frappe/frappe/website/path_resolver.py", line 38, in resolve
    resolve_redirect(self.path, request.query_string)
  File "/workspace/development/frappe-bench/apps/frappe/frappe/website/path_resolver.py", line 118, in resolve_redirect
    redirects += frappe.get_all(
                 ^^^^^^^^^^^^^^^
  File "/workspace/development/frappe-bench/apps/frappe/frappe/__init__.py", line 2047, in get_all
    return get_list(doctype, *args, **kwargs)
           ^^^^^^^^^^^^^^^^^^^^^^^^^^^^^^^^^^
  File "/workspace/development/frappe-bench/apps/frappe/frappe/__init__.py", line 2022, in get_list
    return frappe.model.db_query.DatabaseQuery(doctype).execute(*args, **kwargs)
           ^^^^^^^^^^^^^^^^^^^^^^^^^^^^^^^^^^^^^^^^^^^^^^^^^^^^^^^^^^^^^^^^^^^^^
  File "/workspace/development/frappe-bench/apps/frappe/frappe/model/db_query.py", line 188, in execute
    if is_virtual_doctype(self.doctype):
       ^^^^^^^^^^^^^^^^^^^^^^^^^^^^^^^^
  File "/workspace/development/frappe-bench/apps/frappe/frappe/utils/caching.py", line 121, in site_cache_wrapper
    _SITE_CACHE[func_key][frappe.local.site][func_call_key] = func(*args, **kwargs)
                                                              ^^^^^^^^^^^^^^^^^^^^^
  File "/workspace/development/frappe-bench/apps/frappe/frappe/model/utils/__init__.py", line 135, in is_virtual_doctype
    return frappe.db.get_value("DocType", doctype, "is_virtual")
           ^^^^^^^^^^^^^^^^^^^^^^^^^^^^^^^^^^^^^^^^^^^^^^^^^^^^^
  File "/workspace/development/frappe-bench/apps/frappe/frappe/database/database.py", line 514, in get_value
    result = self.get_values(
             ^^^^^^^^^^^^^^^^
  File "/workspace/development/frappe-bench/apps/frappe/frappe/database/database.py", line 618, in get_values
    out = self._get_values_from_table(
          ^^^^^^^^^^^^^^^^^^^^^^^^^^^^
  File "/workspace/development/frappe-bench/apps/frappe/frappe/database/database.py", line 891, in _get_values_from_table
    return query.run(as_dict=as_dict, debug=debug, update=update, run=run, pluck=pluck)
           ^^^^^^^^^^^^^^^^^^^^^^^^^^^^^^^^^^^^^^^^^^^^^^^^^^^^^^^^^^^^^^^^^^^^^^^^^^^^
  File "/workspace/development/frappe-bench/apps/frappe/frappe/query_builder/utils.py", line 87, in execute_query
    result = frappe.db.sql(query, params, *args, **kwargs)  # nosemgrep
             ^^^^^^^^^^^^^^^^^^^^^^^^^^^^^^^^^^^^^^^^^^^^^
  File "/workspace/development/frappe-bench/apps/frappe/frappe/database/database.py", line 207, in sql
    self.connect()
  File "/workspace/development/frappe-bench/apps/frappe/frappe/database/database.py", line 112, in connect
    self._conn: MariadbConnection | PostgresConnection = self.get_connection()
                                                         ^^^^^^^^^^^^^^^^^^^^^
  File "/workspace/development/frappe-bench/apps/frappe/frappe/database/mariadb/database.py", line 108, in get_connection
    conn = self._get_connection()
           ^^^^^^^^^^^^^^^^^^^^^^
  File "/workspace/development/frappe-bench/apps/frappe/frappe/database/mariadb/database.py", line 114, in _get_connection
    return self.create_connection()
           ^^^^^^^^^^^^^^^^^^^^^^^^
  File "/workspace/development/frappe-bench/apps/frappe/frappe/database/mariadb/database.py", line 117, in create_connection
    return pymysql.connect(**self.get_connection_settings())
           ^^^^^^^^^^^^^^^^^^^^^^^^^^^^^^^^^^^^^^^^^^^^^^^^^
  File "/workspace/development/frappe-bench/env/lib/python3.12/site-packages/pymysql/connections.py", line 361, in __init__
    self.connect()
  File "/workspace/development/frappe-bench/env/lib/python3.12/site-packages/pymysql/connections.py", line 669, in connect
    self._request_authentication()
  File "/workspace/development/frappe-bench/env/lib/python3.12/site-packages/pymysql/connections.py", line 957, in _request_authentication
    auth_packet = self._read_packet()
                  ^^^^^^^^^^^^^^^^^^^
  File "/workspace/development/frappe-bench/env/lib/python3.12/site-packages/pymysql/connections.py", line 775, in _read_packet
    packet.raise_for_error()
  File "/workspace/development/frappe-bench/env/lib/python3.12/site-packages/pymysql/protocol.py", line 219, in raise_for_error
    err.raise_mysql_exception(self._data)
  File "/workspace/development/frappe-bench/env/lib/python3.12/site-packages/pymysql/err.py", line 150, in raise_mysql_exception
    raise errorclass(errno, errval)
pymysql.err.OperationalError: (1045, "Access denied for user '_e54b27b3eeeb62ba'@'172.19.0.4' (using password: YES)")

During handling of the above exception, another exception occurred:

Traceback (most recent call last):
  File "/workspace/development/frappe-bench/apps/frappe/frappe/app.py", line 129, in application
    response = get_response()
               ^^^^^^^^^^^^^^
  File "/workspace/development/frappe-bench/apps/frappe/frappe/website/serve.py", line 23, in get_response
    return handle_exception(e, endpoint, path, http_status_code)
           ^^^^^^^^^^^^^^^^^^^^^^^^^^^^^^^^^^^^^^^^^^^^^^^^^^^^^
  File "/workspace/development/frappe-bench/apps/frappe/frappe/permissions.py", line 883, in wrapper
    return fn(e, *args, **kwargs)
           ^^^^^^^^^^^^^^^^^^^^^^
  File "/workspace/development/frappe-bench/apps/frappe/frappe/website/serve.py", line 37, in handle_exception
    return ErrorPage(exception=e).render()
           ^^^^^^^^^^^^^^^^^^^^^^^^^^^^^^^
  File "/workspace/development/frappe-bench/apps/frappe/frappe/website/page_renderers/template_page.py", line 84, in render
    html = self.get_html()
           ^^^^^^^^^^^^^^^
  File "/workspace/development/frappe-bench/apps/frappe/frappe/website/utils.py", line 534, in cache_html_decorator
    html = func(*args, **kwargs)
           ^^^^^^^^^^^^^^^^^^^^^
  File "/workspace/development/frappe-bench/apps/frappe/frappe/website/page_renderers/template_page.py", line 92, in get_html
    self.init_context()
  File "/workspace/development/frappe-bench/apps/frappe/frappe/website/page_renderers/error_page.py", line 14, in init_context
    super().init_context()
  File "/workspace/development/frappe-bench/apps/frappe/frappe/website/page_renderers/base_template_page.py", line 15, in init_context
    self.context.update(get_website_settings())
                        ^^^^^^^^^^^^^^^^^^^^^^
  File "/workspace/development/frappe-bench/apps/frappe/frappe/website/doctype/website_settings/website_settings.py", line 263, in get_website_settings
    context.boot = get_boot_data()
                   ^^^^^^^^^^^^^^^
  File "/workspace/development/frappe-bench/apps/frappe/frappe/website/utils.py", line 171, in get_boot_data
    apps = get_apps() or []
           ^^^^^^^^^^
  File "/workspace/development/frappe-bench/apps/frappe/frappe/utils/typing_validations.py", line 32, in wrapper
    return func(*args, **kwargs)
           ^^^^^^^^^^^^^^^^^^^^^
  File "/workspace/development/frappe-bench/apps/frappe/frappe/apps.py", line 20, in get_apps
    allowed_workspaces = get_workspace_sidebar_items().get("pages")
                         ^^^^^^^^^^^^^^^^^^^^^^^^^^^^^
  File "/workspace/development/frappe-bench/apps/frappe/frappe/utils/typing_validations.py", line 32, in wrapper
    return func(*args, **kwargs)
           ^^^^^^^^^^^^^^^^^^^^^
  File "/workspace/development/frappe-bench/apps/frappe/frappe/desk/desktop.py", line 451, in get_workspace_sidebar_items
    all_pages = frappe.get_all(
                ^^^^^^^^^^^^^^^
  File "/workspace/development/frappe-bench/apps/frappe/frappe/__init__.py", line 2047, in get_all
    return get_list(doctype, *args, **kwargs)
           ^^^^^^^^^^^^^^^^^^^^^^^^^^^^^^^^^^
  File "/workspace/development/frappe-bench/apps/frappe/frappe/__init__.py", line 2022, in get_list
    return frappe.model.db_query.DatabaseQuery(doctype).execute(*args, **kwargs)
           ^^^^^^^^^^^^^^^^^^^^^^^^^^^^^^^^^^^^^^^^^^^^^^^^^^^^^^^^^^^^^^^^^^^^^
  File "/workspace/development/frappe-bench/apps/frappe/frappe/model/db_query.py", line 188, in execute
    if is_virtual_doctype(self.doctype):
       ^^^^^^^^^^^^^^^^^^^^^^^^^^^^^^^^
  File "/workspace/development/frappe-bench/apps/frappe/frappe/utils/caching.py", line 121, in site_cache_wrapper
    _SITE_CACHE[func_key][frappe.local.site][func_call_key] = func(*args, **kwargs)
                                                              ^^^^^^^^^^^^^^^^^^^^^
  File "/workspace/development/frappe-bench/apps/frappe/frappe/model/utils/__init__.py", line 135, in is_virtual_doctype
    return frappe.db.get_value("DocType", doctype, "is_virtual")
           ^^^^^^^^^^^^^^^^^^^^^^^^^^^^^^^^^^^^^^^^^^^^^^^^^^^^^
  File "/workspace/development/frappe-bench/apps/frappe/frappe/database/database.py", line 514, in get_value
    result = self.get_values(
             ^^^^^^^^^^^^^^^^
  File "/workspace/development/frappe-bench/apps/frappe/frappe/database/database.py", line 618, in get_values
    out = self._get_values_from_table(
          ^^^^^^^^^^^^^^^^^^^^^^^^^^^^
  File "/workspace/development/frappe-bench/apps/frappe/frappe/database/database.py", line 891, in _get_values_from_table
    return query.run(as_dict=as_dict, debug=debug, update=update, run=run, pluck=pluck)
           ^^^^^^^^^^^^^^^^^^^^^^^^^^^^^^^^^^^^^^^^^^^^^^^^^^^^^^^^^^^^^^^^^^^^^^^^^^^^
  File "/workspace/development/frappe-bench/apps/frappe/frappe/query_builder/utils.py", line 87, in execute_query
    result = frappe.db.sql(query, params, *args, **kwargs)  # nosemgrep
             ^^^^^^^^^^^^^^^^^^^^^^^^^^^^^^^^^^^^^^^^^^^^^
  File "/workspace/development/frappe-bench/apps/frappe/frappe/database/database.py", line 207, in sql
    self.connect()
  File "/workspace/development/frappe-bench/apps/frappe/frappe/database/database.py", line 112, in connect
    self._conn: MariadbConnection | PostgresConnection = self.get_connection()
                                                         ^^^^^^^^^^^^^^^^^^^^^
  File "/workspace/development/frappe-bench/apps/frappe/frappe/database/mariadb/database.py", line 108, in get_connection
    conn = self._get_connection()
           ^^^^^^^^^^^^^^^^^^^^^^
  File "/workspace/development/frappe-bench/apps/frappe/frappe/database/mariadb/database.py", line 114, in _get_connection
    return self.create_connection()
           ^^^^^^^^^^^^^^^^^^^^^^^^
  File "/workspace/development/frappe-bench/apps/frappe/frappe/database/mariadb/database.py", line 117, in create_connection
    return pymysql.connect(**self.get_connection_settings())
           ^^^^^^^^^^^^^^^^^^^^^^^^^^^^^^^^^^^^^^^^^^^^^^^^^
  File "/workspace/development/frappe-bench/env/lib/python3.12/site-packages/pymysql/connections.py", line 361, in __init__
    self.connect()
  File "/workspace/development/frappe-bench/env/lib/python3.12/site-packages/pymysql/connections.py", line 669, in connect
    self._request_authentication()
  File "/workspace/development/frappe-bench/env/lib/python3.12/site-packages/pymysql/connections.py", line 957, in _request_authentication
    auth_packet = self._read_packet()
                  ^^^^^^^^^^^^^^^^^^^
  File "/workspace/development/frappe-bench/env/lib/python3.12/site-packages/pymysql/connections.py", line 775, in _read_packet
    packet.raise_for_error()
  File "/workspace/development/frappe-bench/env/lib/python3.12/site-packages/pymysql/protocol.py", line 219, in raise_for_error
    err.raise_mysql_exception(self._data)
  File "/workspace/development/frappe-bench/env/lib/python3.12/site-packages/pymysql/err.py", line 150, in raise_mysql_exception
    raise errorclass(errno, errval)
pymysql.err.OperationalError: (1045, "Access denied for user '_e54b27b3eeeb62ba'@'172.19.0.4' (using password: YES)")

During handling of the above exception, another exception occurred:

Traceback (most recent call last):
  File "/workspace/development/frappe-bench/apps/frappe/frappe/utils/error.py", line 86, in log_error_snapshot
    log_error(title=str(exception), defer_insert=True)
  File "/workspace/development/frappe-bench/apps/frappe/frappe/utils/error.py", line 61, in log_error
    error_log = frappe.get_doc(
                ^^^^^^^^^^^^^^^
  File "/workspace/development/frappe-bench/apps/frappe/frappe/__init__.py", line 1308, in get_doc
    return frappe.model.document.get_doc(*args, **kwargs)
           ^^^^^^^^^^^^^^^^^^^^^^^^^^^^^^^^^^^^^^^^^^^^^^
  File "/workspace/development/frappe-bench/apps/frappe/frappe/model/document.py", line 83, in get_doc
    controller = get_controller(doctype)
                 ^^^^^^^^^^^^^^^^^^^^^^^
  File "/workspace/development/frappe-bench/apps/frappe/frappe/model/base_document.py", line 67, in get_controller
    return import_controller(doctype)
           ^^^^^^^^^^^^^^^^^^^^^^^^^^
  File "/workspace/development/frappe-bench/apps/frappe/frappe/model/base_document.py", line 82, in import_controller
    doctype_info = frappe.db.get_value("DocType", doctype, ("module", "custom", "is_tree"), as_dict=True)
                   ^^^^^^^^^^^^^^^^^^^^^^^^^^^^^^^^^^^^^^^^^^^^^^^^^^^^^^^^^^^^^^^^^^^^^^^^^^^^^^^^^^^^^^
  File "/workspace/development/frappe-bench/apps/frappe/frappe/database/database.py", line 514, in get_value
    result = self.get_values(
             ^^^^^^^^^^^^^^^^
  File "/workspace/development/frappe-bench/apps/frappe/frappe/database/database.py", line 618, in get_values
    out = self._get_values_from_table(
          ^^^^^^^^^^^^^^^^^^^^^^^^^^^^
  File "/workspace/development/frappe-bench/apps/frappe/frappe/database/database.py", line 891, in _get_values_from_table
    return query.run(as_dict=as_dict, debug=debug, update=update, run=run, pluck=pluck)
           ^^^^^^^^^^^^^^^^^^^^^^^^^^^^^^^^^^^^^^^^^^^^^^^^^^^^^^^^^^^^^^^^^^^^^^^^^^^^
  File "/workspace/development/frappe-bench/apps/frappe/frappe/query_builder/utils.py", line 87, in execute_query
    result = frappe.db.sql(query, params, *args, **kwargs)  # nosemgrep
             ^^^^^^^^^^^^^^^^^^^^^^^^^^^^^^^^^^^^^^^^^^^^^
  File "/workspace/development/frappe-bench/apps/frappe/frappe/database/database.py", line 207, in sql
    self.connect()
  File "/workspace/development/frappe-bench/apps/frappe/frappe/database/database.py", line 112, in connect
    self._conn: MariadbConnection | PostgresConnection = self.get_connection()
                                                         ^^^^^^^^^^^^^^^^^^^^^
  File "/workspace/development/frappe-bench/apps/frappe/frappe/database/mariadb/database.py", line 108, in get_connection
    conn = self._get_connection()
           ^^^^^^^^^^^^^^^^^^^^^^
  File "/workspace/development/frappe-bench/apps/frappe/frappe/database/mariadb/database.py", line 114, in _get_connection
    return self.create_connection()
           ^^^^^^^^^^^^^^^^^^^^^^^^
  File "/workspace/development/frappe-bench/apps/frappe/frappe/database/mariadb/database.py", line 117, in create_connection
    return pymysql.connect(**self.get_connection_settings())
           ^^^^^^^^^^^^^^^^^^^^^^^^^^^^^^^^^^^^^^^^^^^^^^^^^
  File "/workspace/development/frappe-bench/env/lib/python3.12/site-packages/pymysql/connections.py", line 361, in __init__
    self.connect()
  File "/workspace/development/frappe-bench/env/lib/python3.12/site-packages/pymysql/connections.py", line 669, in connect
    self._request_authentication()
  File "/workspace/development/frappe-bench/env/lib/python3.12/site-packages/pymysql/connections.py", line 957, in _request_authentication
    auth_packet = self._read_packet()
                  ^^^^^^^^^^^^^^^^^^^
  File "/workspace/development/frappe-bench/env/lib/python3.12/site-packages/pymysql/connections.py", line 775, in _read_packet
    packet.raise_for_error()
  File "/workspace/development/frappe-bench/env/lib/python3.12/site-packages/pymysql/protocol.py", line 219, in raise_for_error
    err.raise_mysql_exception(self._data)
  File "/workspace/development/frappe-bench/env/lib/python3.12/site-packages/pymysql/err.py", line 150, in raise_mysql_exception
    raise errorclass(errno, errval)
pymysql.err.OperationalError: (1045, "Access denied for user '_e54b27b3eeeb62ba'@'172.19.0.4' (using password: YES)")
2026-02-11 06:21:43,042 ERROR frappe Could not take error snapshot: (1045, "Access denied for user '_e54b27b3eeeb62ba'@'172.19.0.4' (using password: YES)")
Site: accounting.localhost
Form Dict: {}
Traceback (most recent call last):
  File "/workspace/development/frappe-bench/apps/frappe/frappe/website/serve.py", line 19, in get_response
    endpoint, renderer_instance = path_resolver.resolve()
                                  ^^^^^^^^^^^^^^^^^^^^^^^
  File "/workspace/development/frappe-bench/apps/frappe/frappe/website/path_resolver.py", line 38, in resolve
    resolve_redirect(self.path, request.query_string)
  File "/workspace/development/frappe-bench/apps/frappe/frappe/website/path_resolver.py", line 118, in resolve_redirect
    redirects += frappe.get_all(
                 ^^^^^^^^^^^^^^^
  File "/workspace/development/frappe-bench/apps/frappe/frappe/__init__.py", line 2047, in get_all
    return get_list(doctype, *args, **kwargs)
           ^^^^^^^^^^^^^^^^^^^^^^^^^^^^^^^^^^
  File "/workspace/development/frappe-bench/apps/frappe/frappe/__init__.py", line 2022, in get_list
    return frappe.model.db_query.DatabaseQuery(doctype).execute(*args, **kwargs)
           ^^^^^^^^^^^^^^^^^^^^^^^^^^^^^^^^^^^^^^^^^^^^^^^^^^^^^^^^^^^^^^^^^^^^^
  File "/workspace/development/frappe-bench/apps/frappe/frappe/model/db_query.py", line 188, in execute
    if is_virtual_doctype(self.doctype):
       ^^^^^^^^^^^^^^^^^^^^^^^^^^^^^^^^
  File "/workspace/development/frappe-bench/apps/frappe/frappe/utils/caching.py", line 121, in site_cache_wrapper
    _SITE_CACHE[func_key][frappe.local.site][func_call_key] = func(*args, **kwargs)
                                                              ^^^^^^^^^^^^^^^^^^^^^
  File "/workspace/development/frappe-bench/apps/frappe/frappe/model/utils/__init__.py", line 135, in is_virtual_doctype
    return frappe.db.get_value("DocType", doctype, "is_virtual")
           ^^^^^^^^^^^^^^^^^^^^^^^^^^^^^^^^^^^^^^^^^^^^^^^^^^^^^
  File "/workspace/development/frappe-bench/apps/frappe/frappe/database/database.py", line 514, in get_value
    result = self.get_values(
             ^^^^^^^^^^^^^^^^
  File "/workspace/development/frappe-bench/apps/frappe/frappe/database/database.py", line 618, in get_values
    out = self._get_values_from_table(
          ^^^^^^^^^^^^^^^^^^^^^^^^^^^^
  File "/workspace/development/frappe-bench/apps/frappe/frappe/database/database.py", line 891, in _get_values_from_table
    return query.run(as_dict=as_dict, debug=debug, update=update, run=run, pluck=pluck)
           ^^^^^^^^^^^^^^^^^^^^^^^^^^^^^^^^^^^^^^^^^^^^^^^^^^^^^^^^^^^^^^^^^^^^^^^^^^^^
  File "/workspace/development/frappe-bench/apps/frappe/frappe/query_builder/utils.py", line 87, in execute_query
    result = frappe.db.sql(query, params, *args, **kwargs)  # nosemgrep
             ^^^^^^^^^^^^^^^^^^^^^^^^^^^^^^^^^^^^^^^^^^^^^
  File "/workspace/development/frappe-bench/apps/frappe/frappe/database/database.py", line 207, in sql
    self.connect()
  File "/workspace/development/frappe-bench/apps/frappe/frappe/database/database.py", line 112, in connect
    self._conn: MariadbConnection | PostgresConnection = self.get_connection()
                                                         ^^^^^^^^^^^^^^^^^^^^^
  File "/workspace/development/frappe-bench/apps/frappe/frappe/database/mariadb/database.py", line 108, in get_connection
    conn = self._get_connection()
           ^^^^^^^^^^^^^^^^^^^^^^
  File "/workspace/development/frappe-bench/apps/frappe/frappe/database/mariadb/database.py", line 114, in _get_connection
    return self.create_connection()
           ^^^^^^^^^^^^^^^^^^^^^^^^
  File "/workspace/development/frappe-bench/apps/frappe/frappe/database/mariadb/database.py", line 117, in create_connection
    return pymysql.connect(**self.get_connection_settings())
           ^^^^^^^^^^^^^^^^^^^^^^^^^^^^^^^^^^^^^^^^^^^^^^^^^
  File "/workspace/development/frappe-bench/env/lib/python3.12/site-packages/pymysql/connections.py", line 361, in __init__
    self.connect()
  File "/workspace/development/frappe-bench/env/lib/python3.12/site-packages/pymysql/connections.py", line 669, in connect
    self._request_authentication()
  File "/workspace/development/frappe-bench/env/lib/python3.12/site-packages/pymysql/connections.py", line 957, in _request_authentication
    auth_packet = self._read_packet()
                  ^^^^^^^^^^^^^^^^^^^
  File "/workspace/development/frappe-bench/env/lib/python3.12/site-packages/pymysql/connections.py", line 775, in _read_packet
    packet.raise_for_error()
  File "/workspace/development/frappe-bench/env/lib/python3.12/site-packages/pymysql/protocol.py", line 219, in raise_for_error
    err.raise_mysql_exception(self._data)
  File "/workspace/development/frappe-bench/env/lib/python3.12/site-packages/pymysql/err.py", line 150, in raise_mysql_exception
    raise errorclass(errno, errval)
pymysql.err.OperationalError: (1045, "Access denied for user '_e54b27b3eeeb62ba'@'172.19.0.4' (using password: YES)")

During handling of the above exception, another exception occurred:

Traceback (most recent call last):
  File "/workspace/development/frappe-bench/apps/frappe/frappe/app.py", line 129, in application
    response = get_response()
               ^^^^^^^^^^^^^^
  File "/workspace/development/frappe-bench/apps/frappe/frappe/website/serve.py", line 23, in get_response
    return handle_exception(e, endpoint, path, http_status_code)
           ^^^^^^^^^^^^^^^^^^^^^^^^^^^^^^^^^^^^^^^^^^^^^^^^^^^^^
  File "/workspace/development/frappe-bench/apps/frappe/frappe/permissions.py", line 883, in wrapper
    return fn(e, *args, **kwargs)
           ^^^^^^^^^^^^^^^^^^^^^^
  File "/workspace/development/frappe-bench/apps/frappe/frappe/website/serve.py", line 37, in handle_exception
    return ErrorPage(exception=e).render()
           ^^^^^^^^^^^^^^^^^^^^^^^^^^^^^^^
  File "/workspace/development/frappe-bench/apps/frappe/frappe/website/page_renderers/template_page.py", line 84, in render
    html = self.get_html()
           ^^^^^^^^^^^^^^^
  File "/workspace/development/frappe-bench/apps/frappe/frappe/website/utils.py", line 534, in cache_html_decorator
    html = func(*args, **kwargs)
           ^^^^^^^^^^^^^^^^^^^^^
  File "/workspace/development/frappe-bench/apps/frappe/frappe/website/page_renderers/template_page.py", line 92, in get_html
    self.init_context()
  File "/workspace/development/frappe-bench/apps/frappe/frappe/website/page_renderers/error_page.py", line 14, in init_context
    super().init_context()
  File "/workspace/development/frappe-bench/apps/frappe/frappe/website/page_renderers/base_template_page.py", line 15, in init_context
    self.context.update(get_website_settings())
                        ^^^^^^^^^^^^^^^^^^^^^^
  File "/workspace/development/frappe-bench/apps/frappe/frappe/website/doctype/website_settings/website_settings.py", line 263, in get_website_settings
    context.boot = get_boot_data()
                   ^^^^^^^^^^^^^^^
  File "/workspace/development/frappe-bench/apps/frappe/frappe/website/utils.py", line 171, in get_boot_data
    apps = get_apps() or []
           ^^^^^^^^^^
  File "/workspace/development/frappe-bench/apps/frappe/frappe/utils/typing_validations.py", line 32, in wrapper
    return func(*args, **kwargs)
           ^^^^^^^^^^^^^^^^^^^^^
  File "/workspace/development/frappe-bench/apps/frappe/frappe/apps.py", line 20, in get_apps
    allowed_workspaces = get_workspace_sidebar_items().get("pages")
                         ^^^^^^^^^^^^^^^^^^^^^^^^^^^^^
  File "/workspace/development/frappe-bench/apps/frappe/frappe/utils/typing_validations.py", line 32, in wrapper
    return func(*args, **kwargs)
           ^^^^^^^^^^^^^^^^^^^^^
  File "/workspace/development/frappe-bench/apps/frappe/frappe/desk/desktop.py", line 451, in get_workspace_sidebar_items
    all_pages = frappe.get_all(
                ^^^^^^^^^^^^^^^
  File "/workspace/development/frappe-bench/apps/frappe/frappe/__init__.py", line 2047, in get_all
    return get_list(doctype, *args, **kwargs)
           ^^^^^^^^^^^^^^^^^^^^^^^^^^^^^^^^^^
  File "/workspace/development/frappe-bench/apps/frappe/frappe/__init__.py", line 2022, in get_list
    return frappe.model.db_query.DatabaseQuery(doctype).execute(*args, **kwargs)
           ^^^^^^^^^^^^^^^^^^^^^^^^^^^^^^^^^^^^^^^^^^^^^^^^^^^^^^^^^^^^^^^^^^^^^
  File "/workspace/development/frappe-bench/apps/frappe/frappe/model/db_query.py", line 188, in execute
    if is_virtual_doctype(self.doctype):
       ^^^^^^^^^^^^^^^^^^^^^^^^^^^^^^^^
  File "/workspace/development/frappe-bench/apps/frappe/frappe/utils/caching.py", line 121, in site_cache_wrapper
    _SITE_CACHE[func_key][frappe.local.site][func_call_key] = func(*args, **kwargs)
                                                              ^^^^^^^^^^^^^^^^^^^^^
  File "/workspace/development/frappe-bench/apps/frappe/frappe/model/utils/__init__.py", line 135, in is_virtual_doctype
    return frappe.db.get_value("DocType", doctype, "is_virtual")
           ^^^^^^^^^^^^^^^^^^^^^^^^^^^^^^^^^^^^^^^^^^^^^^^^^^^^^
  File "/workspace/development/frappe-bench/apps/frappe/frappe/database/database.py", line 514, in get_value
    result = self.get_values(
             ^^^^^^^^^^^^^^^^
  File "/workspace/development/frappe-bench/apps/frappe/frappe/database/database.py", line 618, in get_values
    out = self._get_values_from_table(
          ^^^^^^^^^^^^^^^^^^^^^^^^^^^^
  File "/workspace/development/frappe-bench/apps/frappe/frappe/database/database.py", line 891, in _get_values_from_table
    return query.run(as_dict=as_dict, debug=debug, update=update, run=run, pluck=pluck)
           ^^^^^^^^^^^^^^^^^^^^^^^^^^^^^^^^^^^^^^^^^^^^^^^^^^^^^^^^^^^^^^^^^^^^^^^^^^^^
  File "/workspace/development/frappe-bench/apps/frappe/frappe/query_builder/utils.py", line 87, in execute_query
    result = frappe.db.sql(query, params, *args, **kwargs)  # nosemgrep
             ^^^^^^^^^^^^^^^^^^^^^^^^^^^^^^^^^^^^^^^^^^^^^
  File "/workspace/development/frappe-bench/apps/frappe/frappe/database/database.py", line 207, in sql
    self.connect()
  File "/workspace/development/frappe-bench/apps/frappe/frappe/database/database.py", line 112, in connect
    self._conn: MariadbConnection | PostgresConnection = self.get_connection()
                                                         ^^^^^^^^^^^^^^^^^^^^^
  File "/workspace/development/frappe-bench/apps/frappe/frappe/database/mariadb/database.py", line 108, in get_connection
    conn = self._get_connection()
           ^^^^^^^^^^^^^^^^^^^^^^
  File "/workspace/development/frappe-bench/apps/frappe/frappe/database/mariadb/database.py", line 114, in _get_connection
    return self.create_connection()
           ^^^^^^^^^^^^^^^^^^^^^^^^
  File "/workspace/development/frappe-bench/apps/frappe/frappe/database/mariadb/database.py", line 117, in create_connection
    return pymysql.connect(**self.get_connection_settings())
           ^^^^^^^^^^^^^^^^^^^^^^^^^^^^^^^^^^^^^^^^^^^^^^^^^
  File "/workspace/development/frappe-bench/env/lib/python3.12/site-packages/pymysql/connections.py", line 361, in __init__
    self.connect()
  File "/workspace/development/frappe-bench/env/lib/python3.12/site-packages/pymysql/connections.py", line 669, in connect
    self._request_authentication()
  File "/workspace/development/frappe-bench/env/lib/python3.12/site-packages/pymysql/connections.py", line 957, in _request_authentication
    auth_packet = self._read_packet()
                  ^^^^^^^^^^^^^^^^^^^
  File "/workspace/development/frappe-bench/env/lib/python3.12/site-packages/pymysql/connections.py", line 775, in _read_packet
    packet.raise_for_error()
  File "/workspace/development/frappe-bench/env/lib/python3.12/site-packages/pymysql/protocol.py", line 219, in raise_for_error
    err.raise_mysql_exception(self._data)
  File "/workspace/development/frappe-bench/env/lib/python3.12/site-packages/pymysql/err.py", line 150, in raise_mysql_exception
    raise errorclass(errno, errval)
pymysql.err.OperationalError: (1045, "Access denied for user '_e54b27b3eeeb62ba'@'172.19.0.4' (using password: YES)")

During handling of the above exception, another exception occurred:

Traceback (most recent call last):
  File "/workspace/development/frappe-bench/apps/frappe/frappe/utils/error.py", line 86, in log_error_snapshot
    log_error(title=str(exception), defer_insert=True)
  File "/workspace/development/frappe-bench/apps/frappe/frappe/utils/error.py", line 61, in log_error
    error_log = frappe.get_doc(
                ^^^^^^^^^^^^^^^
  File "/workspace/development/frappe-bench/apps/frappe/frappe/__init__.py", line 1308, in get_doc
    return frappe.model.document.get_doc(*args, **kwargs)
           ^^^^^^^^^^^^^^^^^^^^^^^^^^^^^^^^^^^^^^^^^^^^^^
  File "/workspace/development/frappe-bench/apps/frappe/frappe/model/document.py", line 83, in get_doc
    controller = get_controller(doctype)
                 ^^^^^^^^^^^^^^^^^^^^^^^
  File "/workspace/development/frappe-bench/apps/frappe/frappe/model/base_document.py", line 67, in get_controller
    return import_controller(doctype)
           ^^^^^^^^^^^^^^^^^^^^^^^^^^
  File "/workspace/development/frappe-bench/apps/frappe/frappe/model/base_document.py", line 82, in import_controller
    doctype_info = frappe.db.get_value("DocType", doctype, ("module", "custom", "is_tree"), as_dict=True)
                   ^^^^^^^^^^^^^^^^^^^^^^^^^^^^^^^^^^^^^^^^^^^^^^^^^^^^^^^^^^^^^^^^^^^^^^^^^^^^^^^^^^^^^^
  File "/workspace/development/frappe-bench/apps/frappe/frappe/database/database.py", line 514, in get_value
    result = self.get_values(
             ^^^^^^^^^^^^^^^^
  File "/workspace/development/frappe-bench/apps/frappe/frappe/database/database.py", line 618, in get_values
    out = self._get_values_from_table(
          ^^^^^^^^^^^^^^^^^^^^^^^^^^^^
  File "/workspace/development/frappe-bench/apps/frappe/frappe/database/database.py", line 891, in _get_values_from_table
    return query.run(as_dict=as_dict, debug=debug, update=update, run=run, pluck=pluck)
           ^^^^^^^^^^^^^^^^^^^^^^^^^^^^^^^^^^^^^^^^^^^^^^^^^^^^^^^^^^^^^^^^^^^^^^^^^^^^
  File "/workspace/development/frappe-bench/apps/frappe/frappe/query_builder/utils.py", line 87, in execute_query
    result = frappe.db.sql(query, params, *args, **kwargs)  # nosemgrep
             ^^^^^^^^^^^^^^^^^^^^^^^^^^^^^^^^^^^^^^^^^^^^^
  File "/workspace/development/frappe-bench/apps/frappe/frappe/database/database.py", line 207, in sql
    self.connect()
  File "/workspace/development/frappe-bench/apps/frappe/frappe/database/database.py", line 112, in connect
    self._conn: MariadbConnection | PostgresConnection = self.get_connection()
                                                         ^^^^^^^^^^^^^^^^^^^^^
  File "/workspace/development/frappe-bench/apps/frappe/frappe/database/mariadb/database.py", line 108, in get_connection
    conn = self._get_connection()
           ^^^^^^^^^^^^^^^^^^^^^^
  File "/workspace/development/frappe-bench/apps/frappe/frappe/database/mariadb/database.py", line 114, in _get_connection
    return self.create_connection()
           ^^^^^^^^^^^^^^^^^^^^^^^^
  File "/workspace/development/frappe-bench/apps/frappe/frappe/database/mariadb/database.py", line 117, in create_connection
    return pymysql.connect(**self.get_connection_settings())
           ^^^^^^^^^^^^^^^^^^^^^^^^^^^^^^^^^^^^^^^^^^^^^^^^^
  File "/workspace/development/frappe-bench/env/lib/python3.12/site-packages/pymysql/connections.py", line 361, in __init__
    self.connect()
  File "/workspace/development/frappe-bench/env/lib/python3.12/site-packages/pymysql/connections.py", line 669, in connect
    self._request_authentication()
  File "/workspace/development/frappe-bench/env/lib/python3.12/site-packages/pymysql/connections.py", line 957, in _request_authentication
    auth_packet = self._read_packet()
                  ^^^^^^^^^^^^^^^^^^^
  File "/workspace/development/frappe-bench/env/lib/python3.12/site-packages/pymysql/connections.py", line 775, in _read_packet
    packet.raise_for_error()
  File "/workspace/development/frappe-bench/env/lib/python3.12/site-packages/pymysql/protocol.py", line 219, in raise_for_error
    err.raise_mysql_exception(self._data)
  File "/workspace/development/frappe-bench/env/lib/python3.12/site-packages/pymysql/err.py", line 150, in raise_mysql_exception
    raise errorclass(errno, errval)
pymysql.err.OperationalError: (1045, "Access denied for user '_e54b27b3eeeb62ba'@'172.19.0.4' (using password: YES)")
2026-02-11 06:39:05,020 ERROR frappe New Exception collected in error log
Site: accounting.localhost
Form Dict: {'fields': '[" name\\,\x07bbr\\]', 'limit_page_length': '200'}
2026-02-11 06:41:33,041 ERROR frappe New Exception collected in error log
Site: accounting.localhost
Form Dict: {'period_name': 'FY24-Q1', 'company': 'Accounting Information System', 'period_start_date': '2024-01-01', 'period_end_date': '2024-03-31', 'fiscal_year': 'FY-2024', 'name': 'FY24-Q1'}
2026-02-11 06:41:33,131 ERROR frappe New Exception collected in error log
Site: accounting.localhost
Form Dict: {'period_name': 'FY24-Q2', 'company': 'Accounting Information System', 'period_start_date': '2024-04-01', 'period_end_date': '2024-06-30', 'fiscal_year': 'FY-2024', 'name': 'FY24-Q2'}
2026-02-11 06:41:33,230 ERROR frappe New Exception collected in error log
Site: accounting.localhost
Form Dict: {'period_name': 'FY24-Q3', 'company': 'Accounting Information System', 'period_start_date': '2024-07-01', 'period_end_date': '2024-09-30', 'fiscal_year': 'FY-2024', 'name': 'FY24-Q3'}
2026-02-11 06:41:33,324 ERROR frappe New Exception collected in error log
Site: accounting.localhost
Form Dict: {'period_name': 'FY24-Q4', 'company': 'Accounting Information System', 'period_start_date': '2024-10-01', 'period_end_date': '2024-12-31', 'fiscal_year': 'FY-2024', 'name': 'FY24-Q4'}
2026-02-11 06:46:41,012 ERROR frappe New Exception collected in error log
Site: accounting.localhost
Form Dict: {'is_group': 1, 'company': 'Accounting Information System', 'parent_cost_center': 'Main - AIS', 'name': 'Academic - AIS'}
2026-02-11 06:46:41,251 ERROR frappe New Exception collected in error log
Site: accounting.localhost
Form Dict: {'is_group': 1, 'company': 'Accounting Information System', 'parent_cost_center': 'Main - AIS', 'name': 'Operations - AIS'}
2026-02-11 06:46:41,409 ERROR frappe New Exception collected in error log
Site: accounting.localhost
Form Dict: {'is_group': 1, 'company': 'Accounting Information System', 'parent_cost_center': 'Main - AIS', 'name': 'Projects - AIS'}
2026-02-11 07:00:40,014 ERROR frappe New Exception collected in error log
Site: accounting.localhost
Form Dict: {'limit_start': '0', 'limit_page_length': '500'}
2026-02-11 07:24:46,247 ERROR frappe New Exception collected in error log
Site: accounting.localhost
Form Dict: {'chart_name': 'Profit and Loss (Current)', 'cmd': 'frappe.desk.doctype.dashboard_chart.dashboard_chart.get'}
2026-02-11 07:26:19,311 ERROR frappe New Exception collected in error log
Site: accounting.localhost
Form Dict: {'chart_name': 'Profit and Loss (Current)', 'cmd': 'frappe.desk.doctype.dashboard_chart.dashboard_chart.get'}
2026-02-11 07:26:25,738 ERROR frappe New Exception collected in error log
Site: accounting.localhost
Form Dict: {'chart_name': 'Profit and Loss (Current)', 'cmd': 'frappe.desk.doctype.dashboard_chart.dashboard_chart.get'}
2026-02-11 07:27:04,361 ERROR frappe New Exception collected in error log
Site: accounting.localhost
Form Dict: {'chart_name': 'Profit and Loss', 'cmd': 'frappe.desk.doctype.dashboard_chart.dashboard_chart.get'}
2026-02-11 07:27:41,406 ERROR frappe New Exception collected in error log
Site: accounting.localhost
Form Dict: {'chart_name': 'Profit and Loss (Current)', 'cmd': 'frappe.desk.doctype.dashboard_chart.dashboard_chart.get'}
2026-02-11 07:50:50,398 ERROR frappe New Exception collected in error log
Site: accounting.localhost
Form Dict: {'chart_name': 'Profit and Loss (Current)', 'cmd': 'frappe.desk.doctype.dashboard_chart.dashboard_chart.get'}
2026-02-12 02:45:44,903 ERROR frappe New Exception collected in error log
Site: accounting.localhost
Form Dict: {'docs': '{"name":"Accounting Information System","owner":"Administrator","creation":"2026-02-11 11:41:05.146952","modified":"2026-02-12 07:26:13.303803","modified_by":"Administrator","docstatus":0,"idx":16,"company_name":"Accounting Information System","abbr":"AIS","default_currency":"PHP","country":"Philippines","is_group":0,"lft":1,"rgt":2,"old_parent":"","create_chart_of_accounts_based_on":"Standard Template","chart_of_accounts":"Standard","default_cash_account":"Cash - AIS","default_receivable_account":"Debtors - AIS","default_payable_account":"Creditors - AIS","write_off_account":"Write Off - AIS","allow_account_creation_against_child_company":0,"default_expense_account":"Cost of Goods Sold - AIS","default_income_account":"Sales - AIS","cost_center":"Main - AIS","exchange_gain_loss_account":"Exchange Gain/Loss - AIS","round_off_account":"Round Off - AIS","round_off_cost_center":"Main - AIS","book_advance_payments_in_separate_party_account":0,"reconcile_on_advance_payment_date":0,"reconciliation_takes_effect_on":"Oldest Of Invoice Or Advance","auto_exchange_rate_revaluation":0,"auto_err_frequency":"Daily","submit_err_jv":0,"accumulated_depreciation_account":"Accumulated Depreciation - AIS","depreciation_expense_account":"Depreciation - AIS","expenses_included_in_asset_valuation":"Expenses Included In Asset Valuation - AIS","disposal_account":"Gain/Loss on Asset Disposal - AIS","depreciation_cost_center":"Main - AIS","capital_work_in_progress_account":"CWIP Account - AIS","asset_received_but_not_billed":"Asset Received But Not Billed - AIS","sales_monthly_history":"{\\"02-2026\\": 0.0}","monthly_sales_target":0,"total_monthly_sales":150000,"credit_limit":0,"default_employee_advance_account":"Employee Advances - AIS","default_payroll_payable_account":"Payroll Payable - AIS","transactions_annual_history":"{\\"1770768000.0\\": 1}","enable_perpetual_inventory":1,"enable_provisional_accounting_for_non_stock_items":0,"default_inventory_account":"Stock In Hand - AIS","stock_adjustment_account":"Stock Adjustment - AIS","stock_received_but_not_billed":"Stock Received But Not Billed - AIS","expenses_included_in_valuation":"Expenses Included In Valuation - AIS","doctype":"Company","__onload":{"addr_list":[],"contact_list":[]},"__last_sync_on":"2026-02-12T02:45:28.037Z"}', 'method': 'check_if_transactions_exist', 'cmd': 'run_doc_method'}
2026-02-18 05:02:13,287 ERROR frappe New Exception collected in error log
Site: accounting.localhost
Form Dict: {'cmd': 'accounting.accounting_information_system.doctype.project_accounting_entry.project_accounting_entry.calculate_philippine_taxes'}
2026-02-18 05:02:41,818 ERROR frappe New Exception collected in error log
Site: accounting.localhost
Form Dict: {'cmd': 'accounting.accounting_information_system.api.accounting.post_to_gl'}
2026-02-18 05:16:44,926 ERROR frappe New Exception collected in error log
Site: accounting.localhost
Form Dict: {'cmd': 'accounting.accounting_information_system.api.accounting.create_accounting_entries_from_project'}
2026-02-18 05:17:03,250 ERROR frappe New Exception collected in error log
Site: accounting.localhost
Form Dict: {'cmd': 'accounting.accounting_information_system.api.accounting.post_to_gl'}
2026-02-18 05:27:59,173 ERROR frappe New Exception collected in error log
Site: accounting.localhost
Form Dict: {'cmd': 'accounting.accounting_information_system.api.accounting.post_to_gl'}
2026-02-18 05:39:41,226 ERROR frappe New Exception collected in error log
Site: accounting.localhost
Form Dict: {'cmd': 'accounting.accounting_information_system.api.accounting.create_accounting_entries_from_project'}
2026-02-18 05:39:41,271 ERROR frappe New Exception collected in error log
Site: accounting.localhost
Form Dict: {'cmd': 'accounting.accounting_information_system.api.accounting.create_accounting_entries_from_project'}
2026-02-18 05:39:41,322 ERROR frappe New Exception collected in error log
Site: accounting.localhost
Form Dict: {'cmd': 'accounting.accounting_information_system.api.accounting.post_to_gl'}
2026-02-18 05:39:41,368 ERROR frappe New Exception collected in error log
Site: accounting.localhost
Form Dict: {'cmd': 'accounting.accounting_information_system.api.accounting.post_to_gl'}
2026-02-18 05:39:41,413 ERROR frappe New Exception collected in error log
Site: accounting.localhost
Form Dict: {'cmd': 'accounting.accounting_information_system.api.collections.create_payment_entry_for_or'}
2026-02-18 05:39:41,458 ERROR frappe New Exception collected in error log
Site: accounting.localhost
Form Dict: {'cmd': 'accounting.accounting_information_system.api.collections.create_payment_entry_for_or'}
2026-02-18 05:39:41,668 ERROR frappe New Exception collected in error log
Site: accounting.localhost
Form Dict: {'cmd': 'accounting.accounting_information_system.api.disbursement.post_dv_to_journal_entry'}
2026-02-18 05:39:41,709 ERROR frappe New Exception collected in error log
Site: accounting.localhost
Form Dict: {'cmd': 'accounting.accounting_information_system.api.disbursement.post_dv_to_journal_entry'}
2026-02-18 05:39:41,748 ERROR frappe New Exception collected in error log
Site: accounting.localhost
Form Dict: {'cmd': 'accounting.accounting_information_system.api.disbursement.release_dv_payment'}
2026-02-18 05:39:41,789 ERROR frappe New Exception collected in error log
Site: accounting.localhost
Form Dict: {'cmd': 'accounting.accounting_information_system.api.disbursement.release_dv_payment'}
2026-02-18 05:52:12,308 ERROR frappe New Exception collected in error log
Site: accounting.localhost
Form Dict: {'cmd': 'accounting.accounting_information_system.doctype.project_accounting_entry.project_accounting_entry.calculate_philippine_taxes'}
