2026-02-26 01:01:24,444 ERROR scheduler Skipped queueing erpnext.projects.doctype.project.project.project_status_update_reminder because it was found in queue for accounting.localhost
2026-02-26 01:01:24,562 ERROR scheduler Skipped queueing frappe.deferred_insert.save_to_db because it was found in queue for accounting.localhost
2026-02-26 01:01:24,567 ERROR scheduler Skipped queueing erpnext.stock.doctype.repost_item_valuation.repost_item_valuation.repost_entries because it was found in queue for accounting.localhost
2026-02-26 01:01:24,571 ERROR scheduler Skipped queueing frappe.desk.utils.delete_old_exported_report_files because it was found in queue for accounting.localhost
2026-02-26 01:01:24,575 ERROR scheduler Skipped queueing hrms.hr.doctype.shift_schedule_assignment.shift_schedule_assignment.process_auto_shift_creation because it was found in queue for accounting.localhost
2026-02-26 01:01:24,579 ERROR scheduler Skipped queueing frappe.oauth.delete_oauth2_data because it was found in queue for accounting.localhost
2026-02-26 01:01:24,584 ERROR scheduler Skipped queueing frappe.desk.page.backups.backups.delete_downloadable_backups because it was found in queue for accounting.localhost
2026-02-26 01:01:24,587 ERROR scheduler Skipped queueing frappe.email.doctype.newsletter.newsletter.send_scheduled_email because it was found in queue for accounting.localhost
2026-02-26 01:02:30,091 ERROR scheduler Skipped queueing erpnext.projects.doctype.project.project.project_status_update_reminder because it was found in queue for accounting.localhost
2026-02-26 01:02:30,095 ERROR scheduler Skipped queueing frappe.model.utils.user_settings.sync_user_settings because it was found in queue for accounting.localhost
2026-02-26 01:02:30,098 ERROR scheduler Skipped queueing erpnext.projects.doctype.project.project.collect_project_status because it was found in queue for accounting.localhost
2026-02-26 01:02:30,102 ERROR scheduler Skipped queueing frappe.website.doctype.personal_data_deletion_request.personal_data_deletion_request.process_data_deletion_request because it was found in queue for accounting.localhost
2026-02-26 01:02:30,129 ERROR scheduler Skipped queueing hrms.hr.doctype.shift_type.shift_type.process_auto_attendance_for_all_shifts because it was found in queue for accounting.localhost
2026-02-26 01:02:30,133 ERROR scheduler Skipped queueing frappe.desk.form.document_follow.send_hourly_updates because it was found in queue for accounting.localhost
2026-02-26 01:02:30,139 ERROR scheduler Skipped queueing erpnext.utilities.bulk_transaction.retry because it was found in queue for accounting.localhost
2026-02-26 01:02:30,141 ERROR scheduler Skipped queueing hrms.hr.doctype.shift_type.shift_type.update_last_sync_of_checkin because it was found in queue for accounting.localhost
2026-02-26 01:02:30,144 ERROR scheduler Skipped queueing erpnext.erpnext_integrations.doctype.plaid_settings.plaid_settings.automatic_synchronization because it was found in queue for accounting.localhost
2026-02-26 01:02:30,148 ERROR scheduler Skipped queueing frappe.twofactor.delete_all_barcodes_for_users because it was found in queue for accounting.localhost
2026-02-26 01:02:30,151 ERROR scheduler Skipped queueing frappe.desk.page.backups.backups.delete_downloadable_backups because it was found in queue for accounting.localhost
2026-02-26 01:02:30,154 ERROR scheduler Skipped queueing erpnext.utilities.doctype.video.video.update_youtube_data because it was found in queue for accounting.localhost
2026-02-26 01:02:30,157 ERROR scheduler Skipped queueing hrms.hr.doctype.shift_schedule_assignment.shift_schedule_assignment.process_auto_shift_creation because it was found in queue for accounting.localhost
2026-02-26 01:02:30,160 ERROR scheduler Skipped queueing frappe.oauth.delete_oauth2_data because it was found in queue for accounting.localhost
2026-02-26 01:02:30,165 ERROR scheduler Skipped queueing frappe.core.doctype.prepared_report.prepared_report.expire_stalled_report because it was found in queue for accounting.localhost
2026-02-26 01:02:30,170 ERROR scheduler Skipped queueing erpnext.stock.doctype.repost_item_valuation.repost_item_valuation.repost_entries because it was found in queue for accounting.localhost
2026-02-26 01:02:30,174 ERROR scheduler Skipped queueing frappe.website.doctype.web_page.web_page.check_publish_status because it was found in queue for accounting.localhost
2026-02-26 01:03:35,710 ERROR scheduler Skipped queueing frappe.twofactor.delete_all_barcodes_for_users because it was found in queue for accounting.localhost
2026-02-26 01:03:35,712 ERROR scheduler Skipped queueing erpnext.erpnext_integrations.doctype.plaid_settings.plaid_settings.automatic_synchronization because it was found in queue for accounting.localhost
2026-02-26 01:03:35,741 ERROR scheduler Skipped queueing frappe.website.doctype.web_page.web_page.check_publish_status because it was found in queue for accounting.localhost
2026-02-26 01:03:35,744 ERROR scheduler Skipped queueing hrms.hr.doctype.shift_schedule_assignment.shift_schedule_assignment.process_auto_shift_creation because it was found in queue for accounting.localhost
2026-02-26 01:03:35,746 ERROR scheduler Skipped queueing hrms.hr.doctype.shift_type.shift_type.process_auto_attendance_for_all_shifts because it was found in queue for accounting.localhost
2026-02-26 01:03:35,751 ERROR scheduler Skipped queueing frappe.desk.form.document_follow.send_hourly_updates because it was found in queue for accounting.localhost
2026-02-26 01:03:35,763 ERROR scheduler Skipped queueing frappe.core.doctype.prepared_report.prepared_report.expire_stalled_report because it was found in queue for accounting.localhost
2026-02-26 01:32:00,825 ERROR scheduler Skipped queueing frappe.model.utils.link_count.update_link_count because it was found in queue for accounting.localhost
2026-02-26 02:01:31,611 ERROR scheduler Skipped queueing hrms.hr.doctype.shift_type.shift_type.update_last_sync_of_checkin because it was found in queue for accounting.localhost
2026-02-26 02:01:31,614 ERROR scheduler Skipped queueing frappe.deferred_insert.save_to_db because it was found in queue for accounting.localhost
2026-02-26 02:01:31,618 ERROR scheduler Skipped queueing frappe.desk.form.document_follow.send_hourly_updates because it was found in queue for accounting.localhost
2026-02-26 02:01:31,622 ERROR scheduler Skipped queueing erpnext.utilities.doctype.video.video.update_youtube_data because it was found in queue for accounting.localhost
2026-02-26 02:01:31,626 ERROR scheduler Skipped queueing erpnext.erpnext_integrations.doctype.plaid_settings.plaid_settings.automatic_synchronization because it was found in queue for accounting.localhost
2026-02-26 02:01:31,631 ERROR scheduler Skipped queueing frappe.integrations.doctype.google_calendar.google_calendar.sync because it was found in queue for accounting.localhost
2026-02-26 02:01:31,634 ERROR scheduler Skipped queueing frappe.monitor.flush because it was found in queue for accounting.localhost
2026-02-26 02:01:31,636 ERROR scheduler Skipped queueing hrms.hr.doctype.shift_schedule_assignment.shift_schedule_assignment.process_auto_shift_creation because it was found in queue for accounting.localhost
2026-02-26 02:01:31,642 ERROR scheduler Skipped queueing frappe.model.utils.user_settings.sync_user_settings because it was found in queue for accounting.localhost
2026-02-26 02:01:31,650 ERROR scheduler Skipped queueing erpnext.projects.doctype.project.project.collect_project_status because it was found in queue for accounting.localhost
2026-02-26 02:01:31,656 ERROR scheduler Skipped queueing erpnext.manufacturing.doctype.bom_update_log.bom_update_log.resume_bom_cost_update_jobs because it was found in queue for accounting.localhost
2026-02-26 02:01:31,658 ERROR scheduler Skipped queueing frappe.desk.page.backups.backups.delete_downloadable_backups because it was found in queue for accounting.localhost
2026-02-26 02:01:31,662 ERROR scheduler Skipped queueing frappe.email.queue.retry_sending_emails because it was found in queue for accounting.localhost
2026-02-26 02:01:31,666 ERROR scheduler Skipped queueing frappe.desk.utils.delete_old_exported_report_files because it was found in queue for accounting.localhost
2026-02-26 02:01:31,672 ERROR scheduler Skipped queueing erpnext.utilities.bulk_transaction.retry because it was found in queue for accounting.localhost
2026-02-26 02:01:31,677 ERROR scheduler Skipped queueing frappe.website.doctype.personal_data_deletion_request.personal_data_deletion_request.process_data_deletion_request because it was found in queue for accounting.localhost
2026-02-26 02:01:31,686 ERROR scheduler Skipped queueing frappe.automation.doctype.reminder.reminder.send_reminders because it was found in queue for accounting.localhost
2026-02-26 02:01:31,689 ERROR scheduler Skipped queueing frappe.website.doctype.web_page.web_page.check_publish_status because it was found in queue for accounting.localhost
2026-02-26 02:01:31,693 ERROR scheduler Skipped queueing frappe.search.sqlite_search.build_index_if_not_exists because it was found in queue for accounting.localhost
2026-02-26 02:01:31,702 ERROR scheduler Skipped queueing payments.payment_gateways.doctype.razorpay_settings.razorpay_settings.capture_payment because it was found in queue for accounting.localhost
2026-02-26 02:01:31,706 ERROR scheduler Skipped queueing frappe.oauth.delete_oauth2_data because it was found in queue for accounting.localhost
2026-02-26 02:01:31,709 ERROR scheduler Skipped queueing erpnext.stock.doctype.repost_item_valuation.repost_item_valuation.repost_entries because it was found in queue for accounting.localhost
2026-02-26 02:01:31,712 ERROR scheduler Skipped queueing hrms.hr.doctype.shift_type.shift_type.process_auto_attendance_for_all_shifts because it was found in queue for accounting.localhost
2026-02-26 02:01:31,719 ERROR scheduler Skipped queueing erpnext.projects.doctype.project.project.project_status_update_reminder because it was found in queue for accounting.localhost
2026-02-26 02:01:31,723 ERROR scheduler Skipped queueing frappe.twofactor.delete_all_barcodes_for_users because it was found in queue for accounting.localhost
2026-02-26 02:01:31,726 ERROR scheduler Skipped queueing frappe.core.doctype.prepared_report.prepared_report.expire_stalled_report because it was found in queue for accounting.localhost
2026-02-26 02:02:37,240 ERROR scheduler Skipped queueing frappe.desk.page.backups.backups.delete_downloadable_backups because it was found in queue for accounting.localhost
2026-02-26 02:02:37,242 ERROR scheduler Skipped queueing frappe.oauth.delete_oauth2_data because it was found in queue for accounting.localhost
2026-02-26 02:02:37,248 ERROR scheduler Skipped queueing frappe.website.doctype.personal_data_deletion_request.personal_data_deletion_request.process_data_deletion_request because it was found in queue for accounting.localhost
2026-02-26 02:02:37,255 ERROR scheduler Skipped queueing frappe.core.doctype.prepared_report.prepared_report.expire_stalled_report because it was found in queue for accounting.localhost
2026-02-26 02:02:37,259 ERROR scheduler Skipped queueing frappe.model.utils.user_settings.sync_user_settings because it was found in queue for accounting.localhost
2026-02-26 02:02:37,265 ERROR scheduler Skipped queueing erpnext.projects.doctype.project.project.project_status_update_reminder because it was found in queue for accounting.localhost
2026-02-26 02:02:37,270 ERROR scheduler Skipped queueing hrms.hr.doctype.shift_schedule_assignment.shift_schedule_assignment.process_auto_shift_creation because it was found in queue for accounting.localhost
2026-02-26 02:02:37,274 ERROR scheduler Skipped queueing erpnext.stock.doctype.repost_item_valuation.repost_item_valuation.repost_entries because it was found in queue for accounting.localhost
2026-02-26 02:02:37,276 ERROR scheduler Skipped queueing frappe.desk.utils.delete_old_exported_report_files because it was found in queue for accounting.localhost
2026-02-26 02:02:37,278 ERROR scheduler Skipped queueing erpnext.projects.doctype.project.project.collect_project_status because it was found in queue for accounting.localhost
2026-02-26 02:02:37,282 ERROR scheduler Skipped queueing frappe.desk.form.document_follow.send_hourly_updates because it was found in queue for accounting.localhost
2026-02-26 02:02:37,291 ERROR scheduler Skipped queueing erpnext.utilities.doctype.video.video.update_youtube_data because it was found in queue for accounting.localhost
2026-02-26 02:02:37,297 ERROR scheduler Skipped queueing erpnext.erpnext_integrations.doctype.plaid_settings.plaid_settings.automatic_synchronization because it was found in queue for accounting.localhost
2026-02-26 02:02:37,305 ERROR scheduler Skipped queueing erpnext.utilities.bulk_transaction.retry because it was found in queue for accounting.localhost
2026-02-26 02:02:37,316 ERROR scheduler Skipped queueing frappe.twofactor.delete_all_barcodes_for_users because it was found in queue for accounting.localhost
2026-02-26 02:02:37,326 ERROR scheduler Skipped queueing hrms.hr.doctype.shift_type.shift_type.process_auto_attendance_for_all_shifts because it was found in queue for accounting.localhost
2026-02-26 02:02:37,333 ERROR scheduler Skipped queueing hrms.hr.doctype.shift_type.shift_type.update_last_sync_of_checkin because it was found in queue for accounting.localhost
2026-02-26 02:02:37,338 ERROR scheduler Skipped queueing frappe.website.doctype.web_page.web_page.check_publish_status because it was found in queue for accounting.localhost
2026-02-26 02:03:42,839 ERROR scheduler Skipped queueing erpnext.stock.doctype.repost_item_valuation.repost_item_valuation.repost_entries because it was found in queue for accounting.localhost
2026-02-26 02:03:42,843 ERROR scheduler Skipped queueing frappe.model.utils.user_settings.sync_user_settings because it was found in queue for accounting.localhost
2026-02-26 02:03:42,872 ERROR scheduler Skipped queueing erpnext.projects.doctype.project.project.project_status_update_reminder because it was found in queue for accounting.localhost
2026-02-26 02:03:42,884 ERROR scheduler Skipped queueing frappe.desk.utils.delete_old_exported_report_files because it was found in queue for accounting.localhost
2026-02-26 02:03:42,892 ERROR scheduler Skipped queueing erpnext.utilities.bulk_transaction.retry because it was found in queue for accounting.localhost
2026-02-26 02:03:42,895 ERROR scheduler Skipped queueing hrms.hr.doctype.shift_type.shift_type.update_last_sync_of_checkin because it was found in queue for accounting.localhost
2026-02-26 02:03:42,915 ERROR scheduler Skipped queueing frappe.oauth.delete_oauth2_data because it was found in queue for accounting.localhost
2026-02-26 02:03:42,918 ERROR scheduler Skipped queueing hrms.hr.doctype.shift_schedule_assignment.shift_schedule_assignment.process_auto_shift_creation because it was found in queue for accounting.localhost
2026-02-26 02:03:42,926 ERROR scheduler Skipped queueing erpnext.projects.doctype.project.project.collect_project_status because it was found in queue for accounting.localhost
2026-02-26 03:01:30,041 ERROR scheduler Skipped queueing erpnext.erpnext_integrations.doctype.plaid_settings.plaid_settings.automatic_synchronization because it was found in queue for accounting.localhost
2026-02-26 03:01:30,046 ERROR scheduler Skipped queueing frappe.website.doctype.web_page.web_page.check_publish_status because it was found in queue for accounting.localhost
2026-02-26 03:01:30,054 ERROR scheduler Skipped queueing frappe.website.doctype.personal_data_deletion_request.personal_data_deletion_request.process_data_deletion_request because it was found in queue for accounting.localhost
2026-02-26 03:01:30,057 ERROR scheduler Skipped queueing hrms.hr.doctype.shift_type.shift_type.process_auto_attendance_for_all_shifts because it was found in queue for accounting.localhost
2026-02-26 03:01:30,060 ERROR scheduler Skipped queueing erpnext.projects.doctype.project.project.project_status_update_reminder because it was found in queue for accounting.localhost
2026-02-26 03:01:30,062 ERROR scheduler Skipped queueing frappe.model.utils.user_settings.sync_user_settings because it was found in queue for accounting.localhost
2026-02-26 03:01:30,067 ERROR scheduler Skipped queueing frappe.email.doctype.newsletter.newsletter.send_scheduled_email because it was found in queue for accounting.localhost
2026-02-26 03:01:30,072 ERROR scheduler Skipped queueing erpnext.utilities.doctype.video.video.update_youtube_data because it was found in queue for accounting.localhost
2026-02-26 03:01:30,074 ERROR scheduler Skipped queueing hrms.hr.doctype.shift_schedule_assignment.shift_schedule_assignment.process_auto_shift_creation because it was found in queue for accounting.localhost
2026-02-26 03:01:30,077 ERROR scheduler Skipped queueing frappe.email.queue.flush because it was found in queue for accounting.localhost
2026-02-26 03:01:30,081 ERROR scheduler Skipped queueing hrms.hr.doctype.shift_type.shift_type.update_last_sync_of_checkin because it was found in queue for accounting.localhost
2026-02-26 03:01:30,088 ERROR scheduler Skipped queueing frappe.desk.utils.delete_old_exported_report_files because it was found in queue for accounting.localhost
2026-02-26 03:01:30,090 ERROR scheduler Skipped queueing hrms.hr.doctype.interview.interview.send_interview_reminder because it was found in queue for accounting.localhost
2026-02-26 03:01:30,096 ERROR scheduler Skipped queueing frappe.twofactor.delete_all_barcodes_for_users because it was found in queue for accounting.localhost
2026-02-26 03:01:30,105 ERROR scheduler Skipped queueing frappe.desk.form.document_follow.send_hourly_updates because it was found in queue for accounting.localhost
2026-02-26 03:01:30,109 ERROR scheduler Skipped queueing frappe.automation.doctype.reminder.reminder.send_reminders because it was found in queue for accounting.localhost
2026-02-26 03:01:30,112 ERROR scheduler Skipped queueing frappe.oauth.delete_oauth2_data because it was found in queue for accounting.localhost
2026-02-26 03:01:30,114 ERROR scheduler Skipped queueing erpnext.projects.doctype.project.project.collect_project_status because it was found in queue for accounting.localhost
2026-02-26 03:01:30,118 ERROR scheduler Skipped queueing frappe.utils.telemetry.pulse.client.send_queued_events because it was found in queue for accounting.localhost
2026-02-26 03:01:30,127 ERROR scheduler Skipped queueing erpnext.utilities.bulk_transaction.retry because it was found in queue for accounting.localhost
2026-02-26 03:01:30,135 ERROR scheduler Skipped queueing frappe.core.doctype.prepared_report.prepared_report.expire_stalled_report because it was found in queue for accounting.localhost
2026-02-26 03:01:30,137 ERROR scheduler Skipped queueing erpnext.stock.doctype.repost_item_valuation.repost_item_valuation.repost_entries because it was found in queue for accounting.localhost
2026-02-26 03:01:30,140 ERROR scheduler Skipped queueing frappe.desk.page.backups.backups.delete_downloadable_backups because it was found in queue for accounting.localhost
2026-02-26 03:01:30,144 ERROR scheduler Skipped queueing hrms.hr.doctype.daily_work_summary_group.daily_work_summary_group.trigger_emails because it was found in queue for accounting.localhost
2026-02-26 03:01:30,148 ERROR scheduler Skipped queueing frappe.integrations.doctype.google_calendar.google_calendar.sync because it was found in queue for accounting.localhost
2026-02-26 03:01:30,153 ERROR scheduler Skipped queueing frappe.email.queue.retry_sending_emails because it was found in queue for accounting.localhost
2026-02-26 03:02:35,646 ERROR scheduler Skipped queueing frappe.website.doctype.personal_data_deletion_request.personal_data_deletion_request.process_data_deletion_request because it was found in queue for accounting.localhost
2026-02-26 03:02:35,654 ERROR scheduler Skipped queueing frappe.desk.utils.delete_old_exported_report_files because it was found in queue for accounting.localhost
2026-02-26 03:02:35,668 ERROR scheduler Skipped queueing frappe.website.doctype.web_page.web_page.check_publish_status because it was found in queue for accounting.localhost
2026-02-26 03:02:35,672 ERROR scheduler Skipped queueing erpnext.erpnext_integrations.doctype.plaid_settings.plaid_settings.automatic_synchronization because it was found in queue for accounting.localhost
2026-02-26 03:02:35,674 ERROR scheduler Skipped queueing frappe.core.doctype.prepared_report.prepared_report.expire_stalled_report because it was found in queue for accounting.localhost
2026-02-26 03:02:35,676 ERROR scheduler Skipped queueing frappe.twofactor.delete_all_barcodes_for_users because it was found in queue for accounting.localhost
2026-02-26 03:02:35,686 ERROR scheduler Skipped queueing erpnext.projects.doctype.project.project.project_status_update_reminder because it was found in queue for accounting.localhost
2026-02-26 03:02:35,688 ERROR scheduler Skipped queueing frappe.desk.page.backups.backups.delete_downloadable_backups because it was found in queue for accounting.localhost
2026-02-26 03:02:35,703 ERROR scheduler Skipped queueing hrms.hr.doctype.shift_type.shift_type.process_auto_attendance_for_all_shifts because it was found in queue for accounting.localhost
2026-02-26 03:02:35,709 ERROR scheduler Skipped queueing erpnext.stock.doctype.repost_item_valuation.repost_item_valuation.repost_entries because it was found in queue for accounting.localhost
2026-02-26 03:02:35,716 ERROR scheduler Skipped queueing hrms.hr.doctype.shift_type.shift_type.update_last_sync_of_checkin because it was found in queue for accounting.localhost
2026-02-26 03:02:35,718 ERROR scheduler Skipped queueing frappe.oauth.delete_oauth2_data because it was found in queue for accounting.localhost
2026-02-26 03:02:35,733 ERROR scheduler Skipped queueing erpnext.projects.doctype.project.project.collect_project_status because it was found in queue for accounting.localhost
2026-02-26 03:02:35,735 ERROR scheduler Skipped queueing frappe.model.utils.user_settings.sync_user_settings because it was found in queue for accounting.localhost
2026-02-26 03:02:35,743 ERROR scheduler Skipped queueing erpnext.utilities.doctype.video.video.update_youtube_data because it was found in queue for accounting.localhost
2026-02-26 03:02:35,758 ERROR scheduler Skipped queueing hrms.hr.doctype.shift_schedule_assignment.shift_schedule_assignment.process_auto_shift_creation because it was found in queue for accounting.localhost
2026-02-26 03:03:41,278 ERROR scheduler Skipped queueing frappe.desk.page.backups.backups.delete_downloadable_backups because it was found in queue for accounting.localhost
2026-02-26 03:03:41,291 ERROR scheduler Skipped queueing erpnext.projects.doctype.project.project.collect_project_status because it was found in queue for accounting.localhost
2026-02-26 03:03:41,299 ERROR scheduler Skipped queueing hrms.hr.doctype.shift_schedule_assignment.shift_schedule_assignment.process_auto_shift_creation because it was found in queue for accounting.localhost
2026-02-26 03:03:41,328 ERROR scheduler Skipped queueing frappe.model.utils.user_settings.sync_user_settings because it was found in queue for accounting.localhost
2026-02-26 03:03:41,342 ERROR scheduler Skipped queueing erpnext.stock.doctype.repost_item_valuation.repost_item_valuation.repost_entries because it was found in queue for accounting.localhost
2026-02-26 03:03:41,350 ERROR scheduler Skipped queueing frappe.twofactor.delete_all_barcodes_for_users because it was found in queue for accounting.localhost
2026-02-26 03:03:41,354 ERROR scheduler Skipped queueing frappe.oauth.delete_oauth2_data because it was found in queue for accounting.localhost
